Archive member included to satisfy reference by file (symbol)

/Applications/ARM/bin/../lib/gcc/arm-none-eabi/10.3.1/../../../../arm-none-eabi/lib/thumb/v7-m/nofp/libc_nano.a(lib_a-atof.o)
                              build/console.o (atof)
/Applications/ARM/bin/../lib/gcc/arm-none-eabi/10.3.1/../../../../arm-none-eabi/lib/thumb/v7-m/nofp/libc_nano.a(lib_a-exit.o)
                              /Applications/ARM/bin/../lib/gcc/arm-none-eabi/10.3.1/../../../../arm-none-eabi/lib/thumb/v7-m/nofp/crt0.o (exit)
/Applications/ARM/bin/../lib/gcc/arm-none-eabi/10.3.1/../../../../arm-none-eabi/lib/thumb/v7-m/nofp/libc_nano.a(lib_a-impure.o)
                              /Applications/ARM/bin/../lib/gcc/arm-none-eabi/10.3.1/../../../../arm-none-eabi/lib/thumb/v7-m/nofp/libc_nano.a(lib_a-exit.o) (_global_impure_ptr)
/Applications/ARM/bin/../lib/gcc/arm-none-eabi/10.3.1/../../../../arm-none-eabi/lib/thumb/v7-m/nofp/libc_nano.a(lib_a-init.o)
                              /Applications/ARM/bin/../lib/gcc/arm-none-eabi/10.3.1/../../../../arm-none-eabi/lib/thumb/v7-m/nofp/crt0.o (__libc_init_array)
/Applications/ARM/bin/../lib/gcc/arm-none-eabi/10.3.1/../../../../arm-none-eabi/lib/thumb/v7-m/nofp/libc_nano.a(lib_a-memset.o)
                              /Applications/ARM/bin/../lib/gcc/arm-none-eabi/10.3.1/../../../../arm-none-eabi/lib/thumb/v7-m/nofp/crt0.o (memset)
/Applications/ARM/bin/../lib/gcc/arm-none-eabi/10.3.1/../../../../arm-none-eabi/lib/thumb/v7-m/nofp/libc_nano.a(lib_a-strcmp.o)
                              build/console.o (strcmp)
/Applications/ARM/bin/../lib/gcc/arm-none-eabi/10.3.1/../../../../arm-none-eabi/lib/thumb/v7-m/nofp/libc_nano.a(lib_a-strtod.o)
                              /Applications/ARM/bin/../lib/gcc/arm-none-eabi/10.3.1/../../../../arm-none-eabi/lib/thumb/v7-m/nofp/libc_nano.a(lib_a-atof.o) (strtod)
/Applications/ARM/bin/../lib/gcc/arm-none-eabi/10.3.1/../../../../arm-none-eabi/lib/thumb/v7-m/nofp/libc_nano.a(lib_a-gdtoa-gethex.o)
                              /Applications/ARM/bin/../lib/gcc/arm-none-eabi/10.3.1/../../../../arm-none-eabi/lib/thumb/v7-m/nofp/libc_nano.a(lib_a-strtod.o) (__gethex)
/Applications/ARM/bin/../lib/gcc/arm-none-eabi/10.3.1/../../../../arm-none-eabi/lib/thumb/v7-m/nofp/libc_nano.a(lib_a-gdtoa-hexnan.o)
                              /Applications/ARM/bin/../lib/gcc/arm-none-eabi/10.3.1/../../../../arm-none-eabi/lib/thumb/v7-m/nofp/libc_nano.a(lib_a-strtod.o) (__match)
/Applications/ARM/bin/../lib/gcc/arm-none-eabi/10.3.1/../../../../arm-none-eabi/lib/thumb/v7-m/nofp/libc_nano.a(lib_a-lnumeric.o)
                              /Applications/ARM/bin/../lib/gcc/arm-none-eabi/10.3.1/../../../../arm-none-eabi/lib/thumb/v7-m/nofp/libc_nano.a(lib_a-strtod.o) (_C_numeric_locale)
/Applications/ARM/bin/../lib/gcc/arm-none-eabi/10.3.1/../../../../arm-none-eabi/lib/thumb/v7-m/nofp/libc_nano.a(lib_a-locale.o)
                              /Applications/ARM/bin/../lib/gcc/arm-none-eabi/10.3.1/../../../../arm-none-eabi/lib/thumb/v7-m/nofp/libc_nano.a(lib_a-strtod.o) (__global_locale)
/Applications/ARM/bin/../lib/gcc/arm-none-eabi/10.3.1/../../../../arm-none-eabi/lib/thumb/v7-m/nofp/libc_nano.a(lib_a-mbtowc_r.o)
                              /Applications/ARM/bin/../lib/gcc/arm-none-eabi/10.3.1/../../../../arm-none-eabi/lib/thumb/v7-m/nofp/libc_nano.a(lib_a-locale.o) (__ascii_mbtowc)
/Applications/ARM/bin/../lib/gcc/arm-none-eabi/10.3.1/../../../../arm-none-eabi/lib/thumb/v7-m/nofp/libc_nano.a(lib_a-memcpy-stub.o)
                              /Applications/ARM/bin/../lib/gcc/arm-none-eabi/10.3.1/../../../../arm-none-eabi/lib/thumb/v7-m/nofp/libc_nano.a(lib_a-strtod.o) (memcpy)
/Applications/ARM/bin/../lib/gcc/arm-none-eabi/10.3.1/../../../../arm-none-eabi/lib/thumb/v7-m/nofp/libc_nano.a(lib_a-mprec.o)
                              /Applications/ARM/bin/../lib/gcc/arm-none-eabi/10.3.1/../../../../arm-none-eabi/lib/thumb/v7-m/nofp/libc_nano.a(lib_a-strtod.o) (_Balloc)
/Applications/ARM/bin/../lib/gcc/arm-none-eabi/10.3.1/../../../../arm-none-eabi/lib/thumb/v7-m/nofp/libc_nano.a(lib_a-nano-callocr.o)
                              /Applications/ARM/bin/../lib/gcc/arm-none-eabi/10.3.1/../../../../arm-none-eabi/lib/thumb/v7-m/nofp/libc_nano.a(lib_a-mprec.o) (_calloc_r)
/Applications/ARM/bin/../lib/gcc/arm-none-eabi/10.3.1/../../../../arm-none-eabi/lib/thumb/v7-m/nofp/libc_nano.a(lib_a-nano-mallocr.o)
                              /Applications/ARM/bin/../lib/gcc/arm-none-eabi/10.3.1/../../../../arm-none-eabi/lib/thumb/v7-m/nofp/libc_nano.a(lib_a-nano-callocr.o) (_malloc_r)
/Applications/ARM/bin/../lib/gcc/arm-none-eabi/10.3.1/../../../../arm-none-eabi/lib/thumb/v7-m/nofp/libc_nano.a(lib_a-s_nan.o)
                              /Applications/ARM/bin/../lib/gcc/arm-none-eabi/10.3.1/../../../../arm-none-eabi/lib/thumb/v7-m/nofp/libc_nano.a(lib_a-strtod.o) (nan)
/Applications/ARM/bin/../lib/gcc/arm-none-eabi/10.3.1/../../../../arm-none-eabi/lib/thumb/v7-m/nofp/libc_nano.a(lib_a-sbrkr.o)
[...]
Memory Configuration

Name             Origin             Length             Attributes
RAM              0x0000000020000000 0x0000000000005000 xrw
FLASH            0x0000000008000000 0x0000000000010000 xr
*default*        0x0000000000000000 0xffffffffffffffff

Linker script and memory map

LOAD /Applications/ARM/bin/../lib/gcc/arm-none-eabi/10.3.1/thumb/v7-m/nofp/crti.o
LOAD /Applications/ARM/bin/../lib/gcc/arm-none-eabi/10.3.1/thumb/v7-m/nofp/crtbegin.o
LOAD /Applications/ARM/bin/../lib/gcc/arm-none-eabi/10.3.1/../../../../arm-none-eabi/lib/thumb/v7-m/nofp/crt0.o
LOAD build/main.o
LOAD build/gpio.o
LOAD build/spi.o
LOAD build/usart.o
LOAD build/dac.o
LOAD build/console.o
LOAD build/stm32f1xx_it.o
LOAD build/stm32f1xx_hal_msp.o
LOAD build/stm32f1xx_hal_gpio_ex.o
LOAD build/stm32f1xx_hal_spi.o
LOAD build/stm32f1xx_hal.o
LOAD build/stm32f1xx_hal_rcc.o
LOAD build/stm32f1xx_hal_rcc_ex.o
LOAD build/stm32f1xx_hal_gpio.o
LOAD build/stm32f1xx_hal_dma.o
LOAD build/stm32f1xx_hal_cortex.o
LOAD build/stm32f1xx_hal_pwr.o
LOAD build/stm32f1xx_hal_flash.o
LOAD build/stm32f1xx_hal_flash_ex.o
LOAD build/stm32f1xx_hal_exti.o
LOAD build/stm32f1xx_hal_tim.o
LOAD build/stm32f1xx_hal_tim_ex.o
LOAD build/stm32f1xx_hal_uart.o
LOAD build/system_stm32f1xx.o
LOAD build/startup_stm32f103xb.o
LOAD /Applications/ARM/bin/../lib/gcc/arm-none-eabi/10.3.1/../../../../arm-none-eabi/lib/thumb/v7-m/nofp/libc_nano.a
LOAD /Applications/ARM/bin/../lib/gcc/arm-none-eabi/10.3.1/../../../../arm-none-eabi/lib/thumb/v7-m/nofp/libm.a
LOAD /Applications/ARM/bin/../lib/gcc/arm-none-eabi/10.3.1/../../../../arm-none-eabi/lib/thumb/v7-m/nofp/libnosys.a
START GROUP
LOAD /Applications/ARM/bin/../lib/gcc/arm-none-eabi/10.3.1/thumb/v7-m/nofp/libgcc.a
LOAD /Applications/ARM/bin/../lib/gcc/arm-none-eabi/10.3.1/../../../../arm-none-eabi/lib/thumb/v7-m/nofp/libc_nano.a
END GROUP
START GROUP
LOAD /Applications/ARM/bin/../lib/gcc/arm-none-eabi/10.3.1/thumb/v7-m/nofp/libgcc.a
LOAD /Applications/ARM/bin/../lib/gcc/arm-none-eabi/10.3.1/../../../../arm-none-eabi/lib/thumb/v7-m/nofp/libc_nano.a
END GROUP
LOAD /Applications/ARM/bin/../lib/gcc/arm-none-eabi/10.3.1/thumb/v7-m/nofp/crtend.o
LOAD /Applications/ARM/bin/../lib/gcc/arm-none-eabi/10.3.1/thumb/v7-m/nofp/crtn.o
                0x0000000020005000                _estack = 0x20005000
                0x0000000000000200                _Min_Heap_Size = 0x200
                0x0000000000000400                _Min_Stack_Size = 0x400

.isr_vector     0x0000000008000000      0x10c
                0x0000000008000000                . = ALIGN (0x4)
 *(.isr_vector)
 .isr_vector    0x0000000008000000      0x10c build/startup_stm32f103xb.o
                0x0000000008000000                g_pfnVectors
                0x000000000800010c                . = ALIGN (0x4)

.text           0x0000000008000110     0x5244
                0x0000000008000110                . = ALIGN (0x4)
 *(.text)
 .text          0x0000000008000110       0x40 /Applications/ARM/bin/../lib/gcc/arm-none-eabi/10.3.1/thumb/v7-m/nofp/crtbegin.o
 .text          0x0000000008000150       0x14 /Applications/ARM/bin/../lib/gcc/arm-none-eabi/10.3.1/../../../../arm-none-eabi/lib/thumb/v7-m/nofp/libc_nano.a(lib_a-strcmp.o)
                0x0000000008000150                strcmp
 .text          0x0000000008000164       0x10 /Applications/ARM/bin/../lib/gcc/arm-none-eabi/10.3.1/../../../../arm-none-eabi/lib/thumb/v7-m/nofp/libc_nano.a(lib_a-strlen.o)
                0x0000000008000164                strlen
 .text          0x0000000008000174      0x378 /Applications/ARM/bin/../lib/gcc/arm-none-eabi/10.3.1/thumb/v7-m/nofp/libgcc.a(_arm_addsubdf3.o)
                0x0000000008000174                __aeabi_drsub
                0x000000000800017c                __subdf3
                0x000000000800017c                __aeabi_dsub
                0x0000000008000180                __aeabi_dadd
                0x0000000008000180                __adddf3
                0x00000000080003f8                __aeabi_ui2d
                0x00000000080003f8                __floatunsidf
                0x0000000008000418                __floatsidf
                0x0000000008000418                __aeabi_i2d
                0x000000000800043c                __extendsfdf2
                0x000000000800043c                __aeabi_f2d
                0x0000000008000480                __aeabi_ul2d
                0x0000000008000480                __floatundidf
                0x0000000008000490                __aeabi_l2d
                0x0000000008000490                __floatdidf
 .text          0x00000000080004ec      0x424 /Applications/ARM/bin/../lib/gcc/arm-none-eabi/10.3.1/thumb/v7-m/nofp/libgcc.a(_arm_muldivdf3.o)
                0x00000000080004ec                __aeabi_dmul
                0x00000000080004ec                __muldf3
                0x0000000008000740                __aeabi_ddiv
                0x0000000008000740                __divdf3
 .text          0x0000000008000910      0x110 /Applications/ARM/bin/../lib/gcc/arm-none-eabi/10.3.1/thumb/v7-m/nofp/libgcc.a(_arm_cmpdf2.o)
                0x0000000008000910                __gedf2
                0x0000000008000910                __gtdf2
                0x0000000008000918                __ledf2
                0x0000000008000918                __ltdf2
                0x0000000008000920                __cmpdf2
                0x0000000008000920                __eqdf2
                0x0000000008000920                __nedf2
                0x000000000800099c                __aeabi_cdrcmple
                0x00000000080009ac                __aeabi_cdcmple
                0x00000000080009ac                __aeabi_cdcmpeq
                0x00000000080009bc                __aeabi_dcmpeq
                0x00000000080009d0                __aeabi_dcmplt
                0x00000000080009e4                __aeabi_dcmple
                0x00000000080009f8                __aeabi_dcmpge
                0x0000000008000a0c                __aeabi_dcmpgt
 .text          0x0000000008000a20       0x40 /Applications/ARM/bin/../lib/gcc/arm-none-eabi/10.3.1/thumb/v7-m/nofp/libgcc.a(_arm_fixunsdfsi.o)
                0x0000000008000a20                __fixunsdfsi
                0x0000000008000a20                __aeabi_d2uiz
 .text          0x0000000008000a60       0x34 /Applications/ARM/bin/../lib/gcc/arm-none-eabi/10.3.1/thumb/v7-m/nofp/libgcc.a(_fixdfdi.o)
                0x0000000008000a60                __aeabi_d2lz
                0x0000000008000a60                __fixdfdi
 .text          0x0000000008000a94       0x3c /Applications/ARM/bin/../lib/gcc/arm-none-eabi/10.3.1/thumb/v7-m/nofp/libgcc.a(_fixunsdfdi.o)
                0x0000000008000a94                __aeabi_d2ulz
                0x0000000008000a94                __fixunsdfdi
 *(.text*)
 .text.HAL_UART_RxCpltCallback
                0x0000000008000ad0       0x78 build/main.o
                0x0000000008000ad0                HAL_UART_RxCpltCallback
 .text.Error_Handler
                0x0000000008000b48       0x34 build/main.o
                0x0000000008000b48                Error_Handler
 .text.SystemClock_Config
                0x0000000008000b7c       0x5c build/main.o
                0x0000000008000b7c                SystemClock_Config
 .text.main     0x0000000008000bd8       0x50 build/main.o
                0x0000000008000bd8                main
 .text.MX_GPIO_Init
                0x0000000008000c28       0xa0 build/gpio.o
                0x0000000008000c28                MX_GPIO_Init
 .text.MX_SPI1_Init
                0x0000000008000cc8       0x68 build/spi.o
                0x0000000008000cc8                MX_SPI1_Init
 .text.HAL_SPI_MspInit
                0x0000000008000d30       0x64 build/spi.o
                0x0000000008000d30                HAL_SPI_MspInit
 .text.MX_USART1_UART_Init
                0x0000000008000d94       0x34 build/usart.o
                0x0000000008000d94                MX_USART1_UART_Init
 .text.HAL_UART_MspInit
                0x0000000008000dc8       0x88 build/usart.o
                0x0000000008000dc8                HAL_UART_MspInit
 .text.dac_set_voltage
                0x0000000008000e50       0x90 build/dac.o
                0x0000000008000e50                dac_set_voltage
 .text.buf_decode
                0x0000000008000ee0       0xd8 build/console.o
                0x0000000008000ee0                buf_decode
 .text.NMI_Handler
                0x0000000008000fb8        0x2 build/stm32f1xx_it.o
                0x0000000008000fb8                NMI_Handler
 .text.HardFault_Handler
                0x0000000008000fba        0x2 build/stm32f1xx_it.o
                0x0000000008000fba                HardFault_Handler
 .text.MemManage_Handler
                0x0000000008000fbc        0x2 build/stm32f1xx_it.o
                0x0000000008000fbc                MemManage_Handler
 .text.BusFault_Handler
                0x0000000008000fbe        0x2 build/stm32f1xx_it.o
                0x0000000008000fbe                BusFault_Handler
 .text.UsageFault_Handler
                0x0000000008000fc0        0x2 build/stm32f1xx_it.o
                0x0000000008000fc0                UsageFault_Handler
 .text.SVC_Handler
                0x0000000008000fc2        0x2 build/stm32f1xx_it.o
                0x0000000008000fc2                SVC_Handler
 .text.DebugMon_Handler
                0x0000000008000fc4        0x2 build/stm32f1xx_it.o
                0x0000000008000fc4                DebugMon_Handler
 .text.PendSV_Handler
                0x0000000008000fc6        0x2 build/stm32f1xx_it.o
                0x0000000008000fc6                PendSV_Handler
 .text.SysTick_Handler
                0x0000000008000fc8        0x8 build/stm32f1xx_it.o
                0x0000000008000fc8                SysTick_Handler
 .text.USART1_IRQHandler
                0x0000000008000fd0       0x10 build/stm32f1xx_it.o
                0x0000000008000fd0                USART1_IRQHandler
 .text.HAL_MspInit
                0x0000000008000fe0       0x44 build/stm32f1xx_hal_msp.o
                0x0000000008000fe0                HAL_MspInit
 .text.SPI_WaitFlagStateUntilTimeout
                0x0000000008001024       0xd4 build/stm32f1xx_hal_spi.o
 .text.SPI_EndRxTxTransaction
                0x00000000080010f8       0x24 build/stm32f1xx_hal_spi.o
 .text.HAL_SPI_Init
                0x000000000800111c       0xb6 build/stm32f1xx_hal_spi.o
                0x000000000800111c                HAL_SPI_Init
 .text.HAL_SPI_Transmit
                0x00000000080011d2      0x1b8 build/stm32f1xx_hal_spi.o
                0x00000000080011d2                HAL_SPI_Transmit
 *fill*         0x000000000800138a        0x2 
 .text.HAL_InitTick
                0x000000000800138c       0x4c build/stm32f1xx_hal.o
                0x000000000800138c                HAL_InitTick
 .text.HAL_Init
                0x00000000080013d8       0x24 build/stm32f1xx_hal.o
                0x00000000080013d8                HAL_Init
 .text.HAL_IncTick
                0x00000000080013fc       0x18 build/stm32f1xx_hal.o
                0x00000000080013fc                HAL_IncTick
 .text.HAL_GetTick
                0x0000000008001414        0xc build/stm32f1xx_hal.o
                0x0000000008001414                HAL_GetTick
 .text.HAL_Delay
                0x0000000008001420       0x28 build/stm32f1xx_hal.o
                0x0000000008001420                HAL_Delay
 .text.RCC_Delay
                0x0000000008001448       0x2c build/stm32f1xx_hal_rcc.o
 .text.HAL_RCC_OscConfig
                0x0000000008001474      0x410 build/stm32f1xx_hal_rcc.o
                0x0000000008001474                HAL_RCC_OscConfig
 .text.HAL_RCC_GetSysClockFreq
                0x0000000008001884       0x70 build/stm32f1xx_hal_rcc.o
                0x0000000008001884                HAL_RCC_GetSysClockFreq
 .text.HAL_RCC_ClockConfig
                0x00000000080018f4      0x16c build/stm32f1xx_hal_rcc.o
                0x00000000080018f4                HAL_RCC_ClockConfig
 .text.HAL_RCC_GetHCLKFreq
                0x0000000008001a60        0xc build/stm32f1xx_hal_rcc.o
                0x0000000008001a60                HAL_RCC_GetHCLKFreq
 .text.HAL_RCC_GetPCLK1Freq
                0x0000000008001a6c       0x20 build/stm32f1xx_hal_rcc.o
                0x0000000008001a6c                HAL_RCC_GetPCLK1Freq
 .text.HAL_RCC_GetPCLK2Freq
                0x0000000008001a8c       0x20 build/stm32f1xx_hal_rcc.o
                0x0000000008001a8c                HAL_RCC_GetPCLK2Freq
 .text.HAL_GPIO_Init
                0x0000000008001aac      0x224 build/stm32f1xx_hal_gpio.o
                0x0000000008001aac                HAL_GPIO_Init
 .text.HAL_GPIO_WritePin
                0x0000000008001cd0        0xc build/stm32f1xx_hal_gpio.o
                0x0000000008001cd0                HAL_GPIO_WritePin
 .text.HAL_DMA_Abort
                0x0000000008001cdc       0x44 build/stm32f1xx_hal_dma.o
                0x0000000008001cdc                HAL_DMA_Abort
 .text.HAL_DMA_Abort_IT
                0x0000000008001d20       0x98 build/stm32f1xx_hal_dma.o
                0x0000000008001d20                HAL_DMA_Abort_IT
 .text.HAL_NVIC_SetPriorityGrouping
                0x0000000008001db8       0x24 build/stm32f1xx_hal_cortex.o
                0x0000000008001db8                HAL_NVIC_SetPriorityGrouping
 .text.HAL_NVIC_SetPriority
                0x0000000008001ddc       0x70 build/stm32f1xx_hal_cortex.o
                0x0000000008001ddc                HAL_NVIC_SetPriority
 .text.HAL_NVIC_EnableIRQ
                0x0000000008001e4c       0x1c build/stm32f1xx_hal_cortex.o
                0x0000000008001e4c                HAL_NVIC_EnableIRQ
 .text.HAL_SYSTICK_Config
                0x0000000008001e68       0x28 build/stm32f1xx_hal_cortex.o
                0x0000000008001e68                HAL_SYSTICK_Config
 .text.UART_EndRxTransfer
                0x0000000008001e90       0x32 build/stm32f1xx_hal_uart.o
 .text.UART_Transmit_IT
                0x0000000008001ec2       0x60 build/stm32f1xx_hal_uart.o
 *fill*         0x0000000008001f22        0x2 
 .text.UART_SetConfig
                0x0000000008001f24       0x94 build/stm32f1xx_hal_uart.o
 .text.UART_WaitOnFlagUntilTimeout
                0x0000000008001fb8       0x6c build/stm32f1xx_hal_uart.o
 .text.HAL_UART_Init
                0x0000000008002024       0x5e build/stm32f1xx_hal_uart.o
                0x0000000008002024                HAL_UART_Init
 .text.HAL_UART_Transmit
                0x0000000008002082       0xd8 build/stm32f1xx_hal_uart.o
                0x0000000008002082                HAL_UART_Transmit
 .text.HAL_UART_TxCpltCallback
                0x000000000800215a        0x2 build/stm32f1xx_hal_uart.o
                0x000000000800215a                HAL_UART_TxCpltCallback
 .text.UART_EndTransmit_IT
                0x000000000800215c       0x1a build/stm32f1xx_hal_uart.o
 .text.HAL_UART_ErrorCallback
                0x0000000008002176        0x2 build/stm32f1xx_hal_uart.o
                0x0000000008002176                HAL_UART_ErrorCallback
 .text.UART_DMAAbortOnError
                0x0000000008002178       0x10 build/stm32f1xx_hal_uart.o
 .text.HAL_UARTEx_RxEventCallback
                0x0000000008002188        0x2 build/stm32f1xx_hal_uart.o
                0x0000000008002188                HAL_UARTEx_RxEventCallback
 .text.UART_Receive_IT
                0x000000000800218a       0xd4 build/stm32f1xx_hal_uart.o
 *fill*         0x000000000800225e        0x2 
 .text.HAL_UART_IRQHandler
                0x0000000008002260      0x204 build/stm32f1xx_hal_uart.o
                0x0000000008002260                HAL_UART_IRQHandler
 .text.UART_Start_Receive_IT
                0x0000000008002464       0x36 build/stm32f1xx_hal_uart.o
                0x0000000008002464                UART_Start_Receive_IT
 .text.HAL_UART_Receive_IT
                0x000000000800249a       0x38 build/stm32f1xx_hal_uart.o
                0x000000000800249a                HAL_UART_Receive_IT
 .text.SystemInit
                0x00000000080024d2        0x2 build/system_stm32f1xx.o
                0x00000000080024d2                SystemInit
 .text.Reset_Handler
                0x00000000080024d4       0x48 build/startup_stm32f103xb.o
                0x00000000080024d4                Reset_Handler
 .text.Default_Handler
                0x000000000800251c        0x2 build/startup_stm32f103xb.o
                0x000000000800251c                USBWakeUp_IRQHandler
                0x000000000800251c                EXTI2_IRQHandler
                0x000000000800251c                TIM1_CC_IRQHandler
                0x000000000800251c                PVD_IRQHandler
                0x000000000800251c                EXTI3_IRQHandler
                0x000000000800251c                EXTI0_IRQHandler
                0x000000000800251c                I2C2_EV_IRQHandler
                0x000000000800251c                ADC1_2_IRQHandler
                0x000000000800251c                SPI1_IRQHandler
                0x000000000800251c                TAMPER_IRQHandler
                0x000000000800251c                DMA1_Channel4_IRQHandler
                0x000000000800251c                USART3_IRQHandler
                0x000000000800251c                RTC_IRQHandler
                0x000000000800251c                DMA1_Channel7_IRQHandler
                0x000000000800251c                CAN1_RX1_IRQHandler
                0x000000000800251c                TIM4_IRQHandler
                0x000000000800251c                I2C1_EV_IRQHandler
                0x000000000800251c                DMA1_Channel6_IRQHandler
                0x000000000800251c                TIM3_IRQHandler
                0x000000000800251c                RCC_IRQHandler
                0x000000000800251c                TIM1_TRG_COM_IRQHandler
                0x000000000800251c                DMA1_Channel1_IRQHandler
                0x000000000800251c                Default_Handler
                0x000000000800251c                EXTI15_10_IRQHandler
                0x000000000800251c                EXTI9_5_IRQHandler
                0x000000000800251c                SPI2_IRQHandler
                0x000000000800251c                DMA1_Channel5_IRQHandler
                0x000000000800251c                EXTI4_IRQHandler
                0x000000000800251c                USB_LP_CAN1_RX0_IRQHandler
                0x000000000800251c                USB_HP_CAN1_TX_IRQHandler
                0x000000000800251c                DMA1_Channel3_IRQHandler
                0x000000000800251c                TIM1_UP_IRQHandler
                0x000000000800251c                WWDG_IRQHandler
                0x000000000800251c                TIM2_IRQHandler
                0x000000000800251c                TIM1_BRK_IRQHandler
                0x000000000800251c                EXTI1_IRQHandler
                0x000000000800251c                USART2_IRQHandler
                0x000000000800251c                I2C2_ER_IRQHandler
                0x000000000800251c                DMA1_Channel2_IRQHandler
                0x000000000800251c                CAN1_SCE_IRQHandler
                0x000000000800251c                FLASH_IRQHandler
                0x000000000800251c                I2C1_ER_IRQHandler
                0x000000000800251c                RTC_Alarm_IRQHandler
 .text.atof     0x000000000800251e        0x6 /Applications/ARM/bin/../lib/gcc/arm-none-eabi/10.3.1/../../../../arm-none-eabi/lib/thumb/v7-m/nofp/libc_nano.a(lib_a-atof.o)
                0x000000000800251e                atof
 .text.__libc_init_array
                0x0000000008002524       0x48 /Applications/ARM/bin/../lib/gcc/arm-none-eabi/10.3.1/../../../../arm-none-eabi/lib/thumb/v7-m/nofp/libc_nano.a(lib_a-init.o)
                0x0000000008002524                __libc_init_array
 .text.memset   0x000000000800256c       0x10 /Applications/ARM/bin/../lib/gcc/arm-none-eabi/10.3.1/../../../../arm-none-eabi/lib/thumb/v7-m/nofp/libc_nano.a(lib_a-memset.o)
                0x000000000800256c                memset
 .text.sulp     0x000000000800257c       0x42 /Applications/ARM/bin/../lib/gcc/arm-none-eabi/10.3.1/../../../../arm-none-eabi/lib/thumb/v7-m/nofp/libc_nano.a(lib_a-strtod.o)
 *fill*         0x00000000080025be        0x2 
 .text._strtod_l
                0x00000000080025c0      0xbd0 /Applications/ARM/bin/../lib/gcc/arm-none-eabi/10.3.1/../../../../arm-none-eabi/lib/thumb/v7-m/nofp/libc_nano.a(lib_a-strtod.o)
                0x00000000080025c0                _strtod_l
 .text.strtod   0x0000000008003190       0x18 /Applications/ARM/bin/../lib/gcc/arm-none-eabi/10.3.1/../../../../arm-none-eabi/lib/thumb/v7-m/nofp/libc_nano.a(lib_a-strtod.o)
                0x0000000008003190                strtod
 .text.rshift   0x00000000080031a8       0xa6 /Applications/ARM/bin/../lib/gcc/arm-none-eabi/10.3.1/../../../../arm-none-eabi/lib/thumb/v7-m/nofp/libc_nano.a(lib_a-gdtoa-gethex.o)
 .text.__hexdig_fun
                0x000000000800324e       0x2a /Applications/ARM/bin/../lib/gcc/arm-none-eabi/10.3.1/../../../../arm-none-eabi/lib/thumb/v7-m/nofp/libc_nano.a(lib_a-gdtoa-gethex.o)
                0x000000000800324e                __hexdig_fun
 .text.__gethex
                0x0000000008003278      0x478 /Applications/ARM/bin/../lib/gcc/arm-none-eabi/10.3.1/../../../../arm-none-eabi/lib/thumb/v7-m/nofp/libc_nano.a(lib_a-gdtoa-gethex.o)
                0x0000000008003278                __gethex
 .text.L_shift  0x00000000080036f0       0x24 /Applications/ARM/bin/../lib/gcc/arm-none-eabi/10.3.1/../../../../arm-none-eabi/lib/thumb/v7-m/nofp/libc_nano.a(lib_a-gdtoa-hexnan.o)
 .text.__match  0x0000000008003714       0x28 /Applications/ARM/bin/../lib/gcc/arm-none-eabi/10.3.1/../../../../arm-none-eabi/lib/thumb/v7-m/nofp/libc_nano.a(lib_a-gdtoa-hexnan.o)
                0x0000000008003714                __match
 .text.__hexnan
                0x000000000800373c      0x138 /Applications/ARM/bin/../lib/gcc/arm-none-eabi/10.3.1/../../../../arm-none-eabi/lib/thumb/v7-m/nofp/libc_nano.a(lib_a-gdtoa-hexnan.o)
                0x000000000800373c                __hexnan
 .text.__ascii_mbtowc
                0x0000000008003874       0x24 /Applications/ARM/bin/../lib/gcc/arm-none-eabi/10.3.1/../../../../arm-none-eabi/lib/thumb/v7-m/nofp/libc_nano.a(lib_a-mbtowc_r.o)
                0x0000000008003874                __ascii_mbtowc
 .text.memcpy   0x0000000008003898       0x1c /Applications/ARM/bin/../lib/gcc/arm-none-eabi/10.3.1/../../../../arm-none-eabi/lib/thumb/v7-m/nofp/libc_nano.a(lib_a-memcpy-stub.o)
                0x0000000008003898                memcpy
 .text._Balloc  0x00000000080038b4       0x80 /Applications/ARM/bin/../lib/gcc/arm-none-eabi/10.3.1/../../../../arm-none-eabi/lib/thumb/v7-m/nofp/libc_nano.a(lib_a-mprec.o)
                0x00000000080038b4                _Balloc
 .text._Bfree   0x0000000008003934       0x44 /Applications/ARM/bin/../lib/gcc/arm-none-eabi/10.3.1/../../../../arm-none-eabi/lib/thumb/v7-m/nofp/libc_nano.a(lib_a-mprec.o)
                0x0000000008003934                _Bfree
 .text.__multadd
                0x0000000008003978       0x8c /Applications/ARM/bin/../lib/gcc/arm-none-eabi/10.3.1/../../../../arm-none-eabi/lib/thumb/v7-m/nofp/libc_nano.a(lib_a-mprec.o)
                0x0000000008003978                __multadd
 .text.__s2b    0x0000000008003a04       0x94 /Applications/ARM/bin/../lib/gcc/arm-none-eabi/10.3.1/../../../../arm-none-eabi/lib/thumb/v7-m/nofp/libc_nano.a(lib_a-mprec.o)
                0x0000000008003a04                __s2b
 .text.__hi0bits
                0x0000000008003a98       0x40 /Applications/ARM/bin/../lib/gcc/arm-none-eabi/10.3.1/../../../../arm-none-eabi/lib/thumb/v7-m/nofp/libc_nano.a(lib_a-mprec.o)
                0x0000000008003a98                __hi0bits
 .text.__lo0bits
                0x0000000008003ad8       0x5a /Applications/ARM/bin/../lib/gcc/arm-none-eabi/10.3.1/../../../../arm-none-eabi/lib/thumb/v7-m/nofp/libc_nano.a(lib_a-mprec.o)
                0x0000000008003ad8                __lo0bits
 *fill*         0x0000000008003b32        0x2 
 .text.__i2b    0x0000000008003b34       0x2c /Applications/ARM/bin/../lib/gcc/arm-none-eabi/10.3.1/../../../../arm-none-eabi/lib/thumb/v7-m/nofp/libc_nano.a(lib_a-mprec.o)
                0x0000000008003b34                __i2b
 .text.__multiply
                0x0000000008003b60      0x150 /Applications/ARM/bin/../lib/gcc/arm-none-eabi/10.3.1/../../../../arm-none-eabi/lib/thumb/v7-m/nofp/libc_nano.a(lib_a-mprec.o)
                0x0000000008003b60                __multiply
 .text.__pow5mult
                0x0000000008003cb0       0xb4 /Applications/ARM/bin/../lib/gcc/arm-none-eabi/10.3.1/../../../../arm-none-eabi/lib/thumb/v7-m/nofp/libc_nano.a(lib_a-mprec.o)
                0x0000000008003cb0                __pow5mult
 .text.__lshift
                0x0000000008003d64       0xe0 /Applications/ARM/bin/../lib/gcc/arm-none-eabi/10.3.1/../../../../arm-none-eabi/lib/thumb/v7-m/nofp/libc_nano.a(lib_a-mprec.o)
                0x0000000008003d64                __lshift
 .text.__mcmp   0x0000000008003e44       0x36 /Applications/ARM/bin/../lib/gcc/arm-none-eabi/10.3.1/../../../../arm-none-eabi/lib/thumb/v7-m/nofp/libc_nano.a(lib_a-mprec.o)
                0x0000000008003e44                __mcmp
 *fill*         0x0000000008003e7a        0x2 
 .text.__mdiff  0x0000000008003e7c      0x118 /Applications/ARM/bin/../lib/gcc/arm-none-eabi/10.3.1/../../../../arm-none-eabi/lib/thumb/v7-m/nofp/libc_nano.a(lib_a-mprec.o)
                0x0000000008003e7c                __mdiff
 .text.__ulp    0x0000000008003f94       0x4c /Applications/ARM/bin/../lib/gcc/arm-none-eabi/10.3.1/../../../../arm-none-eabi/lib/thumb/v7-m/nofp/libc_nano.a(lib_a-mprec.o)
                0x0000000008003f94                __ulp
 .text.__b2d    0x0000000008003fe0       0xa8 /Applications/ARM/bin/../lib/gcc/arm-none-eabi/10.3.1/../../../../arm-none-eabi/lib/thumb/v7-m/nofp/libc_nano.a(lib_a-mprec.o)
                0x0000000008003fe0                __b2d
 .text.__d2b    0x0000000008004088       0xb8 /Applications/ARM/bin/../lib/gcc/arm-none-eabi/10.3.1/../../../../arm-none-eabi/lib/thumb/v7-m/nofp/libc_nano.a(lib_a-mprec.o)
                0x0000000008004088                __d2b
 .text.__ratio  0x0000000008004140       0x5c /Applications/ARM/bin/../lib/gcc/arm-none-eabi/10.3.1/../../../../arm-none-eabi/lib/thumb/v7-m/nofp/libc_nano.a(lib_a-mprec.o)
                0x0000000008004140                __ratio
 .text.__copybits
                0x000000000800419c       0x46 /Applications/ARM/bin/../lib/gcc/arm-none-eabi/10.3.1/../../../../arm-none-eabi/lib/thumb/v7-m/nofp/libc_nano.a(lib_a-mprec.o)
                0x000000000800419c                __copybits
 .text.__any_on
                0x00000000080041e2       0x42 /Applications/ARM/bin/../lib/gcc/arm-none-eabi/10.3.1/../../../../arm-none-eabi/lib/thumb/v7-m/nofp/libc_nano.a(lib_a-mprec.o)
                0x00000000080041e2                __any_on
 .text._calloc_r
                0x0000000008004224       0x28 /Applications/ARM/bin/../lib/gcc/arm-none-eabi/10.3.1/../../../../arm-none-eabi/lib/thumb/v7-m/nofp/libc_nano.a(lib_a-nano-callocr.o)
                0x0000000008004224                _calloc_r
 .text.sbrk_aligned
                0x000000000800424c       0x40 /Applications/ARM/bin/../lib/gcc/arm-none-eabi/10.3.1/../../../../arm-none-eabi/lib/thumb/v7-m/nofp/libc_nano.a(lib_a-nano-mallocr.o)
 .text._malloc_r
                0x000000000800428c       0xe8 /Applications/ARM/bin/../lib/gcc/arm-none-eabi/10.3.1/../../../../arm-none-eabi/lib/thumb/v7-m/nofp/libc_nano.a(lib_a-nano-mallocr.o)
                0x000000000800428c                _malloc_r
 .text.nan      0x0000000008004374        0xc /Applications/ARM/bin/../lib/gcc/arm-none-eabi/10.3.1/../../../../arm-none-eabi/lib/thumb/v7-m/nofp/libc_nano.a(lib_a-s_nan.o)
                0x0000000008004374                nan
 .text._sbrk_r  0x0000000008004380       0x20 /Applications/ARM/bin/../lib/gcc/arm-none-eabi/10.3.1/../../../../arm-none-eabi/lib/thumb/v7-m/nofp/libc_nano.a(lib_a-sbrkr.o)
                0x0000000008004380                _sbrk_r
 .text.strncmp  0x00000000080043a0       0x28 /Applications/ARM/bin/../lib/gcc/arm-none-eabi/10.3.1/../../../../arm-none-eabi/lib/thumb/v7-m/nofp/libc_nano.a(lib_a-strncmp.o)
                0x00000000080043a0                strncmp
 .text.__ascii_wctomb
                0x00000000080043c8       0x1a /Applications/ARM/bin/../lib/gcc/arm-none-eabi/10.3.1/../../../../arm-none-eabi/lib/thumb/v7-m/nofp/libc_nano.a(lib_a-wctomb_r.o)
                0x00000000080043c8                __ascii_wctomb
 *fill*         0x00000000080043e2        0x2 
 .text.__assert_func
                0x00000000080043e4       0x3c /Applications/ARM/bin/../lib/gcc/arm-none-eabi/10.3.1/../../../../arm-none-eabi/lib/thumb/v7-m/nofp/libc_nano.a(lib_a-assert.o)
                0x00000000080043e4                __assert_func
 .text.fprintf  0x0000000008004420       0x24 /Applications/ARM/bin/../lib/gcc/arm-none-eabi/10.3.1/../../../../arm-none-eabi/lib/thumb/v7-m/nofp/libc_nano.a(lib_a-fprintf.o)
                0x0000000008004420                fprintf
                0x0000000008004420                fiprintf
 .text.malloc   0x0000000008004444       0x10 /Applications/ARM/bin/../lib/gcc/arm-none-eabi/10.3.1/../../../../arm-none-eabi/lib/thumb/v7-m/nofp/libc_nano.a(lib_a-malloc.o)
                0x0000000008004444                malloc
 .text.__malloc_lock
                0x0000000008004454        0xc /Applications/ARM/bin/../lib/gcc/arm-none-eabi/10.3.1/../../../../arm-none-eabi/lib/thumb/v7-m/nofp/libc_nano.a(lib_a-mlock.o)
                0x0000000008004454                __malloc_lock
 .text.__malloc_unlock
                0x0000000008004460        0xc /Applications/ARM/bin/../lib/gcc/arm-none-eabi/10.3.1/../../../../arm-none-eabi/lib/thumb/v7-m/nofp/libc_nano.a(lib_a-mlock.o)
                0x0000000008004460                __malloc_unlock
 .text._free_r  0x000000000800446c       0x90 /Applications/ARM/bin/../lib/gcc/arm-none-eabi/10.3.1/../../../../arm-none-eabi/lib/thumb/v7-m/nofp/libc_nano.a(lib_a-nano-freer.o)
                0x000000000800446c                _free_r
 .text.__sfputc_r
                0x00000000080044fc       0x2a /Applications/ARM/bin/../lib/gcc/arm-none-eabi/10.3.1/../../../../arm-none-eabi/lib/thumb/v7-m/nofp/libc_nano.a(lib_a-nano-vfprintf.o)
 .text.__sfputs_r
                0x0000000008004526       0x24 /Applications/ARM/bin/../lib/gcc/arm-none-eabi/10.3.1/../../../../arm-none-eabi/lib/thumb/v7-m/nofp/libc_nano.a(lib_a-nano-vfprintf.o)
                0x0000000008004526                __sfputs_r
 *fill*         0x000000000800454a        0x2 
 .text._vfprintf_r
                0x000000000800454c      0x260 /Applications/ARM/bin/../lib/gcc/arm-none-eabi/10.3.1/../../../../arm-none-eabi/lib/thumb/v7-m/nofp/libc_nano.a(lib_a-nano-vfprintf.o)
                0x000000000800454c                _vfiprintf_r
                0x000000000800454c                _vfprintf_r
 .text._printf_common
                0x00000000080047ac       0xde /Applications/ARM/bin/../lib/gcc/arm-none-eabi/10.3.1/../../../../arm-none-eabi/lib/thumb/v7-m/nofp/libc_nano.a(lib_a-nano-vfprintf_i.o)
                0x00000000080047ac                _printf_common
 *fill*         0x000000000800488a        0x2 
 .text._printf_i
                0x000000000800488c      0x24c /Applications/ARM/bin/../lib/gcc/arm-none-eabi/10.3.1/../../../../arm-none-eabi/lib/thumb/v7-m/nofp/libc_nano.a(lib_a-nano-vfprintf_i.o)
                0x000000000800488c                _printf_i
 .text.__swbuf_r
                0x0000000008004ad8       0xa4 /Applications/ARM/bin/../lib/gcc/arm-none-eabi/10.3.1/../../../../arm-none-eabi/lib/thumb/v7-m/nofp/libc_nano.a(lib_a-wbuf.o)
                0x0000000008004ad8                __swbuf_r
 .text.__swsetup_r
                0x0000000008004b7c       0xdc /Applications/ARM/bin/../lib/gcc/arm-none-eabi/10.3.1/../../../../arm-none-eabi/lib/thumb/v7-m/nofp/libc_nano.a(lib_a-wsetup.o)
                0x0000000008004b7c                __swsetup_r
 .text.abort    0x0000000008004c58        0xe /Applications/ARM/bin/../lib/gcc/arm-none-eabi/10.3.1/../../../../arm-none-eabi/lib/thumb/v7-m/nofp/libc_nano.a(lib_a-abort.o)
                0x0000000008004c58                abort
 *fill*         0x0000000008004c66        0x2 
 .text.__sflush_r
                0x0000000008004c68      0x104 /Applications/ARM/bin/../lib/gcc/arm-none-eabi/10.3.1/../../../../arm-none-eabi/lib/thumb/v7-m/nofp/libc_nano.a(lib_a-fflush.o)
                0x0000000008004c68                __sflush_r
 .text._fflush_r
                0x0000000008004d6c       0x78 /Applications/ARM/bin/../lib/gcc/arm-none-eabi/10.3.1/../../../../arm-none-eabi/lib/thumb/v7-m/nofp/libc_nano.a(lib_a-fflush.o)
                0x0000000008004d6c                _fflush_r
 .text.std      0x0000000008004de4       0x48 /Applications/ARM/bin/../lib/gcc/arm-none-eabi/10.3.1/../../../../arm-none-eabi/lib/thumb/v7-m/nofp/libc_nano.a(lib_a-findfp.o)
 .text._cleanup_r
                0x0000000008004e2c        0xc /Applications/ARM/bin/../lib/gcc/arm-none-eabi/10.3.1/../../../../arm-none-eabi/lib/thumb/v7-m/nofp/libc_nano.a(lib_a-findfp.o)
                0x0000000008004e2c                _cleanup_r
 .text.__sfmoreglue
                0x0000000008004e38       0x2c /Applications/ARM/bin/../lib/gcc/arm-none-eabi/10.3.1/../../../../arm-none-eabi/lib/thumb/v7-m/nofp/libc_nano.a(lib_a-findfp.o)
                0x0000000008004e38                __sfmoreglue
 .text.__sfp_lock_acquire
                0x0000000008004e64        0xc /Applications/ARM/bin/../lib/gcc/arm-none-eabi/10.3.1/../../../../arm-none-eabi/lib/thumb/v7-m/nofp/libc_nano.a(lib_a-findfp.o)
                0x0000000008004e64                __sfp_lock_acquire
 .text.__sfp_lock_release
                0x0000000008004e70        0xc /Applications/ARM/bin/../lib/gcc/arm-none-eabi/10.3.1/../../../../arm-none-eabi/lib/thumb/v7-m/nofp/libc_nano.a(lib_a-findfp.o)
                0x0000000008004e70                __sfp_lock_release
 .text.__sinit_lock_acquire
                0x0000000008004e7c        0xc /Applications/ARM/bin/../lib/gcc/arm-none-eabi/10.3.1/../../../../arm-none-eabi/lib/thumb/v7-m/nofp/libc_nano.a(lib_a-findfp.o)
                0x0000000008004e7c                __sinit_lock_acquire
 .text.__sinit_lock_release
                0x0000000008004e88        0xc /Applications/ARM/bin/../lib/gcc/arm-none-eabi/10.3.1/../../../../arm-none-eabi/lib/thumb/v7-m/nofp/libc_nano.a(lib_a-findfp.o)
                0x0000000008004e88                __sinit_lock_release
 .text.__sinit  0x0000000008004e94       0x70 /Applications/ARM/bin/../lib/gcc/arm-none-eabi/10.3.1/../../../../arm-none-eabi/lib/thumb/v7-m/nofp/libc_nano.a(lib_a-findfp.o)
                0x0000000008004e94                __sinit
 .text.__sfp    0x0000000008004f04       0x8c /Applications/ARM/bin/../lib/gcc/arm-none-eabi/10.3.1/../../../../arm-none-eabi/lib/thumb/v7-m/nofp/libc_nano.a(lib_a-findfp.o)
                0x0000000008004f04                __sfp
 .text._fwalk_reent
                0x0000000008004f90       0x3e /Applications/ARM/bin/../lib/gcc/arm-none-eabi/10.3.1/../../../../arm-none-eabi/lib/thumb/v7-m/nofp/libc_nano.a(lib_a-fwalk.o)
                0x0000000008004f90                _fwalk_reent
 .text.__retarget_lock_init_recursive
                0x0000000008004fce        0x2 /Applications/ARM/bin/../lib/gcc/arm-none-eabi/10.3.1/../../../../arm-none-eabi/lib/thumb/v7-m/nofp/libc_nano.a(lib_a-lock.o)
                0x0000000008004fce                __retarget_lock_init_recursive
 .text.__retarget_lock_acquire_recursive
                0x0000000008004fd0        0x2 /Applications/ARM/bin/../lib/gcc/arm-none-eabi/10.3.1/../../../../arm-none-eabi/lib/thumb/v7-m/nofp/libc_nano.a(lib_a-lock.o)
                0x0000000008004fd0                __retarget_lock_acquire_recursive
 .text.__retarget_lock_release_recursive
                0x0000000008004fd2        0x2 /Applications/ARM/bin/../lib/gcc/arm-none-eabi/10.3.1/../../../../arm-none-eabi/lib/thumb/v7-m/nofp/libc_nano.a(lib_a-lock.o)
                0x0000000008004fd2                __retarget_lock_release_recursive
 .text.__swhatbuf_r
                0x0000000008004fd4       0x4a /Applications/ARM/bin/../lib/gcc/arm-none-eabi/10.3.1/../../../../arm-none-eabi/lib/thumb/v7-m/nofp/libc_nano.a(lib_a-makebuf.o)
                0x0000000008004fd4                __swhatbuf_r
 *fill*         0x000000000800501e        0x2 
 .text.__smakebuf_r
                0x0000000008005020       0x80 /Applications/ARM/bin/../lib/gcc/arm-none-eabi/10.3.1/../../../../arm-none-eabi/lib/thumb/v7-m/nofp/libc_nano.a(lib_a-makebuf.o)
                0x0000000008005020                __smakebuf_r
 .text.memchr   0x00000000080050a0       0x1c /Applications/ARM/bin/../lib/gcc/arm-none-eabi/10.3.1/../../../../arm-none-eabi/lib/thumb/v7-m/nofp/libc_nano.a(lib_a-memchr-stub.o)
                0x00000000080050a0                memchr
 .text._raise_r
                0x00000000080050bc       0x50 /Applications/ARM/bin/../lib/gcc/arm-none-eabi/10.3.1/../../../../arm-none-eabi/lib/thumb/v7-m/nofp/libc_nano.a(lib_a-signal.o)
                0x00000000080050bc                _raise_r
 .text.raise    0x000000000800510c       0x10 /Applications/ARM/bin/../lib/gcc/arm-none-eabi/10.3.1/../../../../arm-none-eabi/lib/thumb/v7-m/nofp/libc_nano.a(lib_a-signal.o)
                0x000000000800510c                raise
 .text._kill_r  0x000000000800511c       0x24 /Applications/ARM/bin/../lib/gcc/arm-none-eabi/10.3.1/../../../../arm-none-eabi/lib/thumb/v7-m/nofp/libc_nano.a(lib_a-signalr.o)
                0x000000000800511c                _kill_r
 .text._getpid_r
                0x0000000008005140        0x4 /Applications/ARM/bin/../lib/gcc/arm-none-eabi/10.3.1/../../../../arm-none-eabi/lib/thumb/v7-m/nofp/libc_nano.a(lib_a-signalr.o)
                0x0000000008005140                _getpid_r
 .text.__sread  0x0000000008005144       0x22 /Applications/ARM/bin/../lib/gcc/arm-none-eabi/10.3.1/../../../../arm-none-eabi/lib/thumb/v7-m/nofp/libc_nano.a(lib_a-stdio.o)
                0x0000000008005144                __sread
 .text.__swrite
                0x0000000008005166       0x38 /Applications/ARM/bin/../lib/gcc/arm-none-eabi/10.3.1/../../../../arm-none-eabi/lib/thumb/v7-m/nofp/libc_nano.a(lib_a-stdio.o)
                0x0000000008005166                __swrite
 .text.__sseek  0x000000000800519e       0x24 /Applications/ARM/bin/../lib/gcc/arm-none-eabi/10.3.1/../../../../arm-none-eabi/lib/thumb/v7-m/nofp/libc_nano.a(lib_a-stdio.o)
                0x000000000800519e                __sseek
 .text.__sclose
                0x00000000080051c2        0x8 /Applications/ARM/bin/../lib/gcc/arm-none-eabi/10.3.1/../../../../arm-none-eabi/lib/thumb/v7-m/nofp/libc_nano.a(lib_a-stdio.o)
                0x00000000080051c2                __sclose
 *fill*         0x00000000080051ca        0x2 
 .text._write_r
                0x00000000080051cc       0x24 /Applications/ARM/bin/../lib/gcc/arm-none-eabi/10.3.1/../../../../arm-none-eabi/lib/thumb/v7-m/nofp/libc_nano.a(lib_a-writer.o)
                0x00000000080051cc                _write_r
 .text._close_r
                0x00000000080051f0       0x20 /Applications/ARM/bin/../lib/gcc/arm-none-eabi/10.3.1/../../../../arm-none-eabi/lib/thumb/v7-m/nofp/libc_nano.a(lib_a-closer.o)
                0x00000000080051f0                _close_r
 .text._fstat_r
                0x0000000008005210       0x24 /Applications/ARM/bin/../lib/gcc/arm-none-eabi/10.3.1/../../../../arm-none-eabi/lib/thumb/v7-m/nofp/libc_nano.a(lib_a-fstatr.o)
                0x0000000008005210                _fstat_r
 .text._isatty_r
                0x0000000008005234       0x20 /Applications/ARM/bin/../lib/gcc/arm-none-eabi/10.3.1/../../../../arm-none-eabi/lib/thumb/v7-m/nofp/libc_nano.a(lib_a-isattyr.o)
                0x0000000008005234                _isatty_r
 .text._lseek_r
                0x0000000008005254       0x24 /Applications/ARM/bin/../lib/gcc/arm-none-eabi/10.3.1/../../../../arm-none-eabi/lib/thumb/v7-m/nofp/libc_nano.a(lib_a-lseekr.o)
                0x0000000008005254                _lseek_r
 .text._read_r  0x0000000008005278       0x24 /Applications/ARM/bin/../lib/gcc/arm-none-eabi/10.3.1/../../../../arm-none-eabi/lib/thumb/v7-m/nofp/libc_nano.a(lib_a-readr.o)
                0x0000000008005278                _read_r
 .text._close   0x000000000800529c       0x10 /Applications/ARM/bin/../lib/gcc/arm-none-eabi/10.3.1/../../../../arm-none-eabi/lib/thumb/v7-m/nofp/libnosys.a(close.o)
                0x000000000800529c                _close
 .text._fstat   0x00000000080052ac       0x10 /Applications/ARM/bin/../lib/gcc/arm-none-eabi/10.3.1/../../../../arm-none-eabi/lib/thumb/v7-m/nofp/libnosys.a(fstat.o)
                0x00000000080052ac                _fstat
 .text._getpid  0x00000000080052bc       0x10 /Applications/ARM/bin/../lib/gcc/arm-none-eabi/10.3.1/../../../../arm-none-eabi/lib/thumb/v7-m/nofp/libnosys.a(getpid.o)
                0x00000000080052bc                _getpid
 .text._isatty  0x00000000080052cc       0x10 /Applications/ARM/bin/../lib/gcc/arm-none-eabi/10.3.1/../../../../arm-none-eabi/lib/thumb/v7-m/nofp/libnosys.a(isatty.o)
                0x00000000080052cc                _isatty
 .text._kill    0x00000000080052dc       0x10 /Applications/ARM/bin/../lib/gcc/arm-none-eabi/10.3.1/../../../../arm-none-eabi/lib/thumb/v7-m/nofp/libnosys.a(kill.o)
                0x00000000080052dc                _kill
 .text._lseek   0x00000000080052ec       0x10 /Applications/ARM/bin/../lib/gcc/arm-none-eabi/10.3.1/../../../../arm-none-eabi/lib/thumb/v7-m/nofp/libnosys.a(lseek.o)
                0x00000000080052ec                _lseek
 .text._read    0x00000000080052fc       0x10 /Applications/ARM/bin/../lib/gcc/arm-none-eabi/10.3.1/../../../../arm-none-eabi/lib/thumb/v7-m/nofp/libnosys.a(read.o)
                0x00000000080052fc                _read
 .text._sbrk    0x000000000800530c       0x1c /Applications/ARM/bin/../lib/gcc/arm-none-eabi/10.3.1/../../../../arm-none-eabi/lib/thumb/v7-m/nofp/libnosys.a(sbrk.o)
                0x000000000800530c                _sbrk
 .text._write   0x0000000008005328       0x10 /Applications/ARM/bin/../lib/gcc/arm-none-eabi/10.3.1/../../../../arm-none-eabi/lib/thumb/v7-m/nofp/libnosys.a(write.o)
                0x0000000008005328                _write
 .text._exit    0x0000000008005338        0x4 /Applications/ARM/bin/../lib/gcc/arm-none-eabi/10.3.1/../../../../arm-none-eabi/lib/thumb/v7-m/nofp/libnosys.a(_exit.o)
                0x0000000008005338                _exit
 *(.glue_7)
 .glue_7        0x000000000800533c        0x0 linker stubs
 *(.glue_7t)
 .glue_7t       0x000000000800533c        0x0 linker stubs
 *(.eh_frame)
 .eh_frame      0x000000000800533c        0x0 /Applications/ARM/bin/../lib/gcc/arm-none-eabi/10.3.1/thumb/v7-m/nofp/crtbegin.o
 *(.init)
 .init          0x000000000800533c        0x4 /Applications/ARM/bin/../lib/gcc/arm-none-eabi/10.3.1/thumb/v7-m/nofp/crti.o
                0x000000000800533c                _init
 .init          0x0000000008005340        0x8 /Applications/ARM/bin/../lib/gcc/arm-none-eabi/10.3.1/thumb/v7-m/nofp/crtn.o
 *(.fini)
 .fini          0x0000000008005348        0x4 /Applications/ARM/bin/../lib/gcc/arm-none-eabi/10.3.1/thumb/v7-m/nofp/crti.o
                0x0000000008005348                _fini
 .fini          0x000000000800534c        0x8 /Applications/ARM/bin/../lib/gcc/arm-none-eabi/10.3.1/thumb/v7-m/nofp/crtn.o
                0x0000000008005354                . = ALIGN (0x4)
                0x0000000008005354                _etext = .

.vfp11_veneer   0x0000000008005354        0x0
 .vfp11_veneer  0x0000000008005354        0x0 linker stubs

.v4_bx          0x0000000008005354        0x0
 .v4_bx         0x0000000008005354        0x0 linker stubs

.iplt           0x0000000008005354        0x0
 .iplt          0x0000000008005354        0x0 /Applications/ARM/bin/../lib/gcc/arm-none-eabi/10.3.1/thumb/v7-m/nofp/crtbegin.o

.rodata         0x0000000008005358      0x474
                0x0000000008005358                . = ALIGN (0x4)
 *(.rodata)
 .rodata        0x0000000008005358        0x3 build/console.o
 *(.rodata*)
 *fill*         0x000000000800535b        0x1 
 .rodata.HAL_UART_RxCpltCallback.str1.4
                0x000000000800535c        0xb build/main.o
 *fill*         0x0000000008005367        0x1 
 .rodata.buf_decode.str1.4
                0x0000000008005368        0xc build/console.o
 .rodata.HAL_RCC_GetSysClockFreq.str1.4
                0x0000000008005374       0x11 build/stm32f1xx_hal_rcc.o
 *fill*         0x0000000008005385        0x3 
 .rodata.AHBPrescTable
                0x0000000008005388       0x10 build/system_stm32f1xx.o
                0x0000000008005388                AHBPrescTable
 .rodata.APBPrescTable
                0x0000000008005398        0x8 build/system_stm32f1xx.o
                0x0000000008005398                APBPrescTable
 .rodata._global_impure_ptr
                0x00000000080053a0        0x4 /Applications/ARM/bin/../lib/gcc/arm-none-eabi/10.3.1/../../../../arm-none-eabi/lib/thumb/v7-m/nofp/libc_nano.a(lib_a-impure.o)
                0x00000000080053a0                _global_impure_ptr
 .rodata._strtod_l.str1.1
                0x00000000080053a4        0xc /Applications/ARM/bin/../lib/gcc/arm-none-eabi/10.3.1/../../../../arm-none-eabi/lib/thumb/v7-m/nofp/libc_nano.a(lib_a-strtod.o)
                                          0xd (size before relaxing)
 .rodata.fpi.1  0x00000000080053b0       0x14 /Applications/ARM/bin/../lib/gcc/arm-none-eabi/10.3.1/../../../../arm-none-eabi/lib/thumb/v7-m/nofp/libc_nano.a(lib_a-strtod.o)
 .rodata.fpinan.0
                0x00000000080053c4       0x14 /Applications/ARM/bin/../lib/gcc/arm-none-eabi/10.3.1/../../../../arm-none-eabi/lib/thumb/v7-m/nofp/libc_nano.a(lib_a-strtod.o)
 .rodata.tinytens
                0x00000000080053d8       0x28 /Applications/ARM/bin/../lib/gcc/arm-none-eabi/10.3.1/../../../../arm-none-eabi/lib/thumb/v7-m/nofp/libc_nano.a(lib_a-strtod.o)
 .rodata.__gethex.str1.1
                0x0000000008005400       0x73 /Applications/ARM/bin/../lib/gcc/arm-none-eabi/10.3.1/../../../../arm-none-eabi/lib/thumb/v7-m/nofp/libc_nano.a(lib_a-gdtoa-gethex.o)
 .rodata.str1.1
                0x0000000008005473        0x2 /Applications/ARM/bin/../lib/gcc/arm-none-eabi/10.3.1/../../../../arm-none-eabi/lib/thumb/v7-m/nofp/libc_nano.a(lib_a-lnumeric.o)
                                          0x3 (size before relaxing)
 *fill*         0x0000000008005475        0x3 
 .rodata._C_numeric_locale
                0x0000000008005478        0xc /Applications/ARM/bin/../lib/gcc/arm-none-eabi/10.3.1/../../../../arm-none-eabi/lib/thumb/v7-m/nofp/libc_nano.a(lib_a-lnumeric.o)
                0x0000000008005478                _C_numeric_locale
 .rodata._setlocale_r.str1.1
                0x0000000008005484        0x8 /Applications/ARM/bin/../lib/gcc/arm-none-eabi/10.3.1/../../../../arm-none-eabi/lib/thumb/v7-m/nofp/libc_nano.a(lib_a-locale.o)
                                          0x9 (size before relaxing)
 .rodata.str1.1
                0x000000000800548c        0x2 /Applications/ARM/bin/../lib/gcc/arm-none-eabi/10.3.1/../../../../arm-none-eabi/lib/thumb/v7-m/nofp/libc_nano.a(lib_a-locale.o)
 .rodata._Balloc.str1.1
                0x000000000800548c       0x72 /Applications/ARM/bin/../lib/gcc/arm-none-eabi/10.3.1/../../../../arm-none-eabi/lib/thumb/v7-m/nofp/libc_nano.a(lib_a-mprec.o)
 .rodata.__multadd.str1.1
                0x00000000080054fe       0x11 /Applications/ARM/bin/../lib/gcc/arm-none-eabi/10.3.1/../../../../arm-none-eabi/lib/thumb/v7-m/nofp/libc_nano.a(lib_a-mprec.o)
 *fill*         0x00000000080054fe        0x2 
 .rodata.__mprec_bigtens
                0x0000000008005500       0x28 /Applications/ARM/bin/../lib/gcc/arm-none-eabi/10.3.1/../../../../arm-none-eabi/lib/thumb/v7-m/nofp/libc_nano.a(lib_a-mprec.o)
                0x0000000008005500                __mprec_bigtens
 .rodata.__mprec_tens
                0x0000000008005528       0xc8 /Applications/ARM/bin/../lib/gcc/arm-none-eabi/10.3.1/../../../../arm-none-eabi/lib/thumb/v7-m/nofp/libc_nano.a(lib_a-mprec.o)
                0x0000000008005528                __mprec_tens
 .rodata.p05.0  0x00000000080055f0        0xc /Applications/ARM/bin/../lib/gcc/arm-none-eabi/10.3.1/../../../../arm-none-eabi/lib/thumb/v7-m/nofp/libc_nano.a(lib_a-mprec.o)
 .rodata.__assert_func.str1.1
                0x00000000080055fc       0x3c /Applications/ARM/bin/../lib/gcc/arm-none-eabi/10.3.1/../../../../arm-none-eabi/lib/thumb/v7-m/nofp/libc_nano.a(lib_a-assert.o)
                                         0x3d (size before relaxing)
 .rodata._ctype_
                0x0000000008005638      0x101 /Applications/ARM/bin/../lib/gcc/arm-none-eabi/10.3.1/../../../../arm-none-eabi/lib/thumb/v7-m/nofp/libc_nano.a(lib_a-ctype_.o)
                0x0000000008005638                _ctype_
 .rodata._vfprintf_r.str1.1
                0x0000000008005739       0x11 /Applications/ARM/bin/../lib/gcc/arm-none-eabi/10.3.1/../../../../arm-none-eabi/lib/thumb/v7-m/nofp/libc_nano.a(lib_a-nano-vfprintf.o)
 .rodata._printf_i.str1.1
                0x000000000800574a       0x22 /Applications/ARM/bin/../lib/gcc/arm-none-eabi/10.3.1/../../../../arm-none-eabi/lib/thumb/v7-m/nofp/libc_nano.a(lib_a-nano-vfprintf_i.o)
 .rodata.__sf_fake_stderr
                0x000000000800576c       0x20 /Applications/ARM/bin/../lib/gcc/arm-none-eabi/10.3.1/../../../../arm-none-eabi/lib/thumb/v7-m/nofp/libc_nano.a(lib_a-findfp.o)
                0x000000000800576c                __sf_fake_stderr
 .rodata.__sf_fake_stdin
                0x000000000800578c       0x20 /Applications/ARM/bin/../lib/gcc/arm-none-eabi/10.3.1/../../../../arm-none-eabi/lib/thumb/v7-m/nofp/libc_nano.a(lib_a-findfp.o)
                0x000000000800578c                __sf_fake_stdin
 .rodata.__sf_fake_stdout
                0x00000000080057ac       0x20 /Applications/ARM/bin/../lib/gcc/arm-none-eabi/10.3.1/../../../../arm-none-eabi/lib/thumb/v7-m/nofp/libc_nano.a(lib_a-findfp.o)
                0x00000000080057ac                __sf_fake_stdout
                0x00000000080057cc                . = ALIGN (0x4)

.rel.dyn        0x00000000080057cc        0x0
 .rel.iplt      0x00000000080057cc        0x0 /Applications/ARM/bin/../lib/gcc/arm-none-eabi/10.3.1/thumb/v7-m/nofp/crtbegin.o

.ARM.extab
 *(.ARM.extab* .gnu.linkonce.armextab.*)

.ARM            0x00000000080057cc        0x0
                0x00000000080057cc                __exidx_start = .
 *(.ARM.exidx*)
                0x00000000080057cc                __exidx_end = .

.preinit_array  0x00000000080057cc        0x0
                0x00000000080057cc                PROVIDE (__preinit_array_start = .)
 *(.preinit_array*)
                0x00000000080057cc                PROVIDE (__preinit_array_end = .)

.init_array     0x00000000080057cc        0x4
                0x00000000080057cc                PROVIDE (__init_array_start = .)
 *(SORT_BY_NAME(.init_array.*))
 *(.init_array*)
 .init_array    0x00000000080057cc        0x4 /Applications/ARM/bin/../lib/gcc/arm-none-eabi/10.3.1/thumb/v7-m/nofp/crtbegin.o
                0x00000000080057d0                PROVIDE (__init_array_end = .)

.fini_array     0x00000000080057d0        0x4
                [!provide]                        PROVIDE (__fini_array_start = .)
 *(SORT_BY_NAME(.fini_array.*))
 *(.fini_array*)
 .fini_array    0x00000000080057d0        0x4 /Applications/ARM/bin/../lib/gcc/arm-none-eabi/10.3.1/thumb/v7-m/nofp/crtbegin.o
                [!provide]                        PROVIDE (__fini_array_end = .)
                0x00000000080057d4                _sidata = LOADADDR (.data)

.data           0x0000000020000000      0x1e0 load address 0x00000000080057d4
                0x0000000020000000                . = ALIGN (0x4)
                0x0000000020000000                _sdata = .
 *(.data)
 *(.data*)
 .data.uwTickFreq
                0x0000000020000000        0x1 build/stm32f1xx_hal.o
                0x0000000020000000                uwTickFreq
 *fill*         0x0000000020000001        0x3 
 .data.uwTickPrio
                0x0000000020000004        0x4 build/stm32f1xx_hal.o
                0x0000000020000004                uwTickPrio
 .data.SystemCoreClock
                0x0000000020000008        0x4 build/system_stm32f1xx.o
                0x0000000020000008                SystemCoreClock
 .data._impure_ptr
                0x000000002000000c        0x4 /Applications/ARM/bin/../lib/gcc/arm-none-eabi/10.3.1/../../../../arm-none-eabi/lib/thumb/v7-m/nofp/libc_nano.a(lib_a-impure.o)
                0x000000002000000c                _impure_ptr
 .data.impure_data
                0x0000000020000010       0x60 /Applications/ARM/bin/../lib/gcc/arm-none-eabi/10.3.1/../../../../arm-none-eabi/lib/thumb/v7-m/nofp/libc_nano.a(lib_a-impure.o)
 .data.numempty
                0x0000000020000070        0x2 /Applications/ARM/bin/../lib/gcc/arm-none-eabi/10.3.1/../../../../arm-none-eabi/lib/thumb/v7-m/nofp/libc_nano.a(lib_a-lnumeric.o)
 *fill*         0x0000000020000072        0x2 
 .data.__global_locale
                0x0000000020000074      0x16c /Applications/ARM/bin/../lib/gcc/arm-none-eabi/10.3.1/../../../../arm-none-eabi/lib/thumb/v7-m/nofp/libc_nano.a(lib_a-locale.o)
                0x0000000020000074                __global_locale
                0x00000000200001e0                . = ALIGN (0x4)
                0x00000000200001e0                _edata = .

.igot.plt       0x00000000200001e0        0x0 load address 0x00000000080059b4
 .igot.plt      0x00000000200001e0        0x0 /Applications/ARM/bin/../lib/gcc/arm-none-eabi/10.3.1/thumb/v7-m/nofp/crtbegin.o
                0x00000000200001e0                . = ALIGN (0x4)

.bss            0x00000000200001e0       0xe8 load address 0x00000000080059b4
                0x00000000200001e0                _sbss = .
                0x00000000200001e0                __bss_start__ = _sbss
 *(.bss)
 .bss           0x00000000200001e0       0x1c /Applications/ARM/bin/../lib/gcc/arm-none-eabi/10.3.1/thumb/v7-m/nofp/crtbegin.o
 *(.bss*)
 .bss.buf       0x00000000200001fc       0x14 build/main.o
                0x00000000200001fc                buf
 .bss.num_symbol
                0x0000000020000210        0x1 build/main.o
                0x0000000020000210                num_symbol
 *fill*         0x0000000020000211        0x3 
 .bss.hspi1     0x0000000020000214       0x58 build/spi.o
                0x0000000020000214                hspi1
 .bss.huart1    0x000000002000026c       0x44 build/usart.o
                0x000000002000026c                huart1
 .bss.uwTick    0x00000000200002b0        0x4 build/stm32f1xx_hal.o
                0x00000000200002b0                uwTick
 .bss.__malloc_free_list
                0x00000000200002b4        0x4 /Applications/ARM/bin/../lib/gcc/arm-none-eabi/10.3.1/../../../../arm-none-eabi/lib/thumb/v7-m/nofp/libc_nano.a(lib_a-nano-mallocr.o)
                0x00000000200002b4                __malloc_free_list
 .bss.__malloc_sbrk_start
                0x00000000200002b8        0x4 /Applications/ARM/bin/../lib/gcc/arm-none-eabi/10.3.1/../../../../arm-none-eabi/lib/thumb/v7-m/nofp/libc_nano.a(lib_a-nano-mallocr.o)
                0x00000000200002b8                __malloc_sbrk_start
 .bss.errno     0x00000000200002bc        0x4 /Applications/ARM/bin/../lib/gcc/arm-none-eabi/10.3.1/../../../../arm-none-eabi/lib/thumb/v7-m/nofp/libc_nano.a(lib_a-reent.o)
                0x00000000200002bc                errno
 .bss.__lock___malloc_recursive_mutex
                0x00000000200002c0        0x1 /Applications/ARM/bin/../lib/gcc/arm-none-eabi/10.3.1/../../../../arm-none-eabi/lib/thumb/v7-m/nofp/libc_nano.a(lib_a-lock.o)
                0x00000000200002c0                __lock___malloc_recursive_mutex
 .bss.__lock___sfp_recursive_mutex
                0x00000000200002c1        0x1 /Applications/ARM/bin/../lib/gcc/arm-none-eabi/10.3.1/../../../../arm-none-eabi/lib/thumb/v7-m/nofp/libc_nano.a(lib_a-lock.o)
                0x00000000200002c1                __lock___sfp_recursive_mutex
 .bss.__lock___sinit_recursive_mutex
                0x00000000200002c2        0x1 /Applications/ARM/bin/../lib/gcc/arm-none-eabi/10.3.1/../../../../arm-none-eabi/lib/thumb/v7-m/nofp/libc_nano.a(lib_a-lock.o)
                0x00000000200002c2                __lock___sinit_recursive_mutex
 *fill*         0x00000000200002c3        0x1 
 .bss.heap_end.0
                0x00000000200002c4        0x4 /Applications/ARM/bin/../lib/gcc/arm-none-eabi/10.3.1/../../../../arm-none-eabi/lib/thumb/v7-m/nofp/libnosys.a(sbrk.o)
 *(COMMON)
                0x00000000200002c8                . = ALIGN (0x4)
                0x00000000200002c8                _ebss = .
                0x00000000200002c8                __bss_end__ = _ebss

._user_heap_stack
                0x00000000200002c8      0x600 load address 0x00000000080059b4
                0x00000000200002c8                . = ALIGN (0x8)
                0x00000000200002c8                PROVIDE (end = .)
                [!provide]                        PROVIDE (_end = .)
                0x00000000200004c8                . = (. + _Min_Heap_Size)
 *fill*         0x00000000200002c8      0x200 
                0x00000000200008c8                . = (. + _Min_Stack_Size)
 *fill*         0x00000000200004c8      0x400 
                0x00000000200008c8                . = ALIGN (0x8)

/DISCARD/
 libc.a(*)
 libm.a(*)
 libgcc.a(*)

.ARM.attributes
                0x0000000000000000       0x29
 *(.ARM.attributes)
 .ARM.attributes
                0x0000000000000000       0x1d /Applications/ARM/bin/../lib/gcc/arm-none-eabi/10.3.1/thumb/v7-m/nofp/crti.o
 .ARM.attributes
                0x000000000000001d       0x2d /Applications/ARM/bin/../lib/gcc/arm-none-eabi/10.3.1/thumb/v7-m/nofp/crtbegin.o
 .ARM.attributes
                0x000000000000004a       0x2d build/main.o
 .ARM.attributes
                0x0000000000000077       0x2d build/gpio.o
 .ARM.attributes
                0x00000000000000a4       0x2d build/spi.o
 .ARM.attributes
                0x00000000000000d1       0x2d build/usart.o
 .ARM.attributes
                0x00000000000000fe       0x2d build/dac.o
 .ARM.attributes
                0x000000000000012b       0x2d build/console.o
 .ARM.attributes
                0x0000000000000158       0x2d build/stm32f1xx_it.o
 .ARM.attributes
                0x0000000000000185       0x2d build/stm32f1xx_hal_msp.o
 .ARM.attributes
                0x00000000000001b2       0x2d build/stm32f1xx_hal_spi.o
 .ARM.attributes
                0x00000000000001df       0x2d build/stm32f1xx_hal.o
 .ARM.attributes
                0x000000000000020c       0x2d build/stm32f1xx_hal_rcc.o
 .ARM.attributes
                0x0000000000000239       0x2d build/stm32f1xx_hal_gpio.o
 .ARM.attributes
                0x0000000000000266       0x2d build/stm32f1xx_hal_dma.o
 .ARM.attributes
                0x0000000000000293       0x2d build/stm32f1xx_hal_cortex.o
 .ARM.attributes
                0x00000000000002c0       0x2d build/stm32f1xx_hal_uart.o
 .ARM.attributes
                0x00000000000002ed       0x2d build/system_stm32f1xx.o
 .ARM.attributes
                0x000000000000031a       0x21 build/startup_stm32f103xb.o
 .ARM.attributes
                0x000000000000033b       0x2d /Applications/ARM/bin/../lib/gcc/arm-none-eabi/10.3.1/../../../../arm-none-eabi/lib/thumb/v7-m/nofp/libc_nano.a(lib_a-atof.o)
 .ARM.attributes
                0x0000000000000368       0x2d /Applications/ARM/bin/../lib/gcc/arm-none-eabi/10.3.1/../../../../arm-none-eabi/lib/thumb/v7-m/nofp/libc_nano.a(lib_a-impure.o)
 .ARM.attributes
                0x0000000000000395       0x2d /Applications/ARM/bin/../lib/gcc/arm-none-eabi/10.3.1/../../../../arm-none-eabi/lib/thumb/v7-m/nofp/libc_nano.a(lib_a-init.o)
 .ARM.attributes
                0x00000000000003c2       0x2d /Applications/ARM/bin/../lib/gcc/arm-none-eabi/10.3.1/../../../../arm-none-eabi/lib/thumb/v7-m/nofp/libc_nano.a(lib_a-memset.o)
 .ARM.attributes
                0x00000000000003ef       0x1b /Applications/ARM/bin/../lib/gcc/arm-none-eabi/10.3.1/../../../../arm-none-eabi/lib/thumb/v7-m/nofp/libc_nano.a(lib_a-strcmp.o)
 .ARM.attributes
                0x000000000000040a       0x2d /Applications/ARM/bin/../lib/gcc/arm-none-eabi/10.3.1/../../../../arm-none-eabi/lib/thumb/v7-m/nofp/libc_nano.a(lib_a-strtod.o)
 .ARM.attributes
                0x0000000000000437       0x2d /Applications/ARM/bin/../lib/gcc/arm-none-eabi/10.3.1/../../../../arm-none-eabi/lib/thumb/v7-m/nofp/libc_nano.a(lib_a-gdtoa-gethex.o)
 .ARM.attributes
                0x0000000000000464       0x2d /Applications/ARM/bin/../lib/gcc/arm-none-eabi/10.3.1/../../../../arm-none-eabi/lib/thumb/v7-m/nofp/libc_nano.a(lib_a-gdtoa-hexnan.o)
 .ARM.attributes
                0x0000000000000491       0x2d /Applications/ARM/bin/../lib/gcc/arm-none-eabi/10.3.1/../../../../arm-none-eabi/lib/thumb/v7-m/nofp/libc_nano.a(lib_a-lnumeric.o)
 .ARM.attributes
                0x00000000000004be       0x2d /Applications/ARM/bin/../lib/gcc/arm-none-eabi/10.3.1/../../../../arm-none-eabi/lib/thumb/v7-m/nofp/libc_nano.a(lib_a-locale.o)
 .ARM.attributes
                0x00000000000004eb       0x2d /Applications/ARM/bin/../lib/gcc/arm-none-eabi/10.3.1/../../../../arm-none-eabi/lib/thumb/v7-m/nofp/libc_nano.a(lib_a-mbtowc_r.o)
 .ARM.attributes
                0x0000000000000518       0x2d /Applications/ARM/bin/../lib/gcc/arm-none-eabi/10.3.1/../../../../arm-none-eabi/lib/thumb/v7-m/nofp/libc_nano.a(lib_a-memcpy-stub.o)
 .ARM.attributes
                0x0000000000000545       0x2d /Applications/ARM/bin/../lib/gcc/arm-none-eabi/10.3.1/../../../../arm-none-eabi/lib/thumb/v7-m/nofp/libc_nano.a(lib_a-mprec.o)
 .ARM.attributes
                0x0000000000000572       0x2d /Applications/ARM/bin/../lib/gcc/arm-none-eabi/10.3.1/../../../../arm-none-eabi/lib/thumb/v7-m/nofp/libc_nano.a(lib_a-nano-callocr.o)
 .ARM.attributes
                0x000000000000059f       0x2d /Applications/ARM/bin/../lib/gcc/arm-none-eabi/10.3.1/../../../../arm-none-eabi/lib/thumb/v7-m/nofp/libc_nano.a(lib_a-nano-mallocr.o)
 .ARM.attributes
                0x00000000000005cc       0x2d /Applications/ARM/bin/../lib/gcc/arm-none-eabi/10.3.1/../../../../arm-none-eabi/lib/thumb/v7-m/nofp/libc_nano.a(lib_a-s_nan.o)
 .ARM.attributes
                0x00000000000005f9       0x2d /Applications/ARM/bin/../lib/gcc/arm-none-eabi/10.3.1/../../../../arm-none-eabi/lib/thumb/v7-m/nofp/libc_nano.a(lib_a-sbrkr.o)
 .ARM.attributes
                0x0000000000000626       0x17 /Applications/ARM/bin/../lib/gcc/arm-none-eabi/10.3.1/../../../../arm-none-eabi/lib/thumb/v7-m/nofp/libc_nano.a(lib_a-strlen.o)
 .ARM.attributes
                0x000000000000063d       0x2d /Applications/ARM/bin/../lib/gcc/arm-none-eabi/10.3.1/../../../../arm-none-eabi/lib/thumb/v7-m/nofp/libc_nano.a(lib_a-strncmp.o)
 .ARM.attributes
                0x000000000000066a       0x2d /Applications/ARM/bin/../lib/gcc/arm-none-eabi/10.3.1/../../../../arm-none-eabi/lib/thumb/v7-m/nofp/libc_nano.a(lib_a-wctomb_r.o)
 .ARM.attributes
                0x0000000000000697       0x2d /Applications/ARM/bin/../lib/gcc/arm-none-eabi/10.3.1/../../../../arm-none-eabi/lib/thumb/v7-m/nofp/libc_nano.a(lib_a-assert.o)
 .ARM.attributes
                0x00000000000006c4       0x2d /Applications/ARM/bin/../lib/gcc/arm-none-eabi/10.3.1/../../../../arm-none-eabi/lib/thumb/v7-m/nofp/libc_nano.a(lib_a-ctype_.o)
 .ARM.attributes
                0x00000000000006f1       0x2d /Applications/ARM/bin/../lib/gcc/arm-none-eabi/10.3.1/../../../../arm-none-eabi/lib/thumb/v7-m/nofp/libc_nano.a(lib_a-fprintf.o)
 .ARM.attributes
                0x000000000000071e       0x2d /Applications/ARM/bin/../lib/gcc/arm-none-eabi/10.3.1/../../../../arm-none-eabi/lib/thumb/v7-m/nofp/libc_nano.a(lib_a-malloc.o)
 .ARM.attributes
                0x000000000000074b       0x2d /Applications/ARM/bin/../lib/gcc/arm-none-eabi/10.3.1/../../../../arm-none-eabi/lib/thumb/v7-m/nofp/libc_nano.a(lib_a-mlock.o)
 .ARM.attributes
                0x0000000000000778       0x2d /Applications/ARM/bin/../lib/gcc/arm-none-eabi/10.3.1/../../../../arm-none-eabi/lib/thumb/v7-m/nofp/libc_nano.a(lib_a-nano-freer.o)
 .ARM.attributes
                0x00000000000007a5       0x2d /Applications/ARM/bin/../lib/gcc/arm-none-eabi/10.3.1/../../../../arm-none-eabi/lib/thumb/v7-m/nofp/libc_nano.a(lib_a-nano-vfprintf.o)
 .ARM.attributes
                0x00000000000007d2       0x2d /Applications/ARM/bin/../lib/gcc/arm-none-eabi/10.3.1/../../../../arm-none-eabi/lib/thumb/v7-m/nofp/libc_nano.a(lib_a-nano-vfprintf_i.o)
 .ARM.attributes
                0x00000000000007ff       0x2d /Applications/ARM/bin/../lib/gcc/arm-none-eabi/10.3.1/../../../../arm-none-eabi/lib/thumb/v7-m/nofp/libc_nano.a(lib_a-reent.o)
 .ARM.attributes
                0x000000000000082c       0x2d /Applications/ARM/bin/../lib/gcc/arm-none-eabi/10.3.1/../../../../arm-none-eabi/lib/thumb/v7-m/nofp/libc_nano.a(lib_a-wbuf.o)
 .ARM.attributes
                0x0000000000000859       0x2d /Applications/ARM/bin/../lib/gcc/arm-none-eabi/10.3.1/../../../../arm-none-eabi/lib/thumb/v7-m/nofp/libc_nano.a(lib_a-wsetup.o)
 .ARM.attributes
                0x0000000000000886       0x2d /Applications/ARM/bin/../lib/gcc/arm-none-eabi/10.3.1/../../../../arm-none-eabi/lib/thumb/v7-m/nofp/libc_nano.a(lib_a-abort.o)
 .ARM.attributes
                0x00000000000008b3       0x2d /Applications/ARM/bin/../lib/gcc/arm-none-eabi/10.3.1/../../../../arm-none-eabi/lib/thumb/v7-m/nofp/libc_nano.a(lib_a-fflush.o)
 .ARM.attributes
                0x00000000000008e0       0x2d /Applications/ARM/bin/../lib/gcc/arm-none-eabi/10.3.1/../../../../arm-none-eabi/lib/thumb/v7-m/nofp/libc_nano.a(lib_a-findfp.o)
 .ARM.attributes
                0x000000000000090d       0x2d /Applications/ARM/bin/../lib/gcc/arm-none-eabi/10.3.1/../../../../arm-none-eabi/lib/thumb/v7-m/nofp/libc_nano.a(lib_a-fwalk.o)
 .ARM.attributes
                0x000000000000093a       0x2d /Applications/ARM/bin/../lib/gcc/arm-none-eabi/10.3.1/../../../../arm-none-eabi/lib/thumb/v7-m/nofp/libc_nano.a(lib_a-lock.o)
 .ARM.attributes
                0x0000000000000967       0x2d /Applications/ARM/bin/../lib/gcc/arm-none-eabi/10.3.1/../../../../arm-none-eabi/lib/thumb/v7-m/nofp/libc_nano.a(lib_a-makebuf.o)
 .ARM.attributes
                0x0000000000000994       0x2d /Applications/ARM/bin/../lib/gcc/arm-none-eabi/10.3.1/../../../../arm-none-eabi/lib/thumb/v7-m/nofp/libc_nano.a(lib_a-memchr-stub.o)
 .ARM.attributes
                0x00000000000009c1       0x2d /Applications/ARM/bin/../lib/gcc/arm-none-eabi/10.3.1/../../../../arm-none-eabi/lib/thumb/v7-m/nofp/libc_nano.a(lib_a-signal.o)
 .ARM.attributes
                0x00000000000009ee       0x2d /Applications/ARM/bin/../lib/gcc/arm-none-eabi/10.3.1/../../../../arm-none-eabi/lib/thumb/v7-m/nofp/libc_nano.a(lib_a-signalr.o)
 .ARM.attributes
                0x0000000000000a1b       0x2d /Applications/ARM/bin/../lib/gcc/arm-none-eabi/10.3.1/../../../../arm-none-eabi/lib/thumb/v7-m/nofp/libc_nano.a(lib_a-stdio.o)
 .ARM.attributes
                0x0000000000000a48       0x2d /Applications/ARM/bin/../lib/gcc/arm-none-eabi/10.3.1/../../../../arm-none-eabi/lib/thumb/v7-m/nofp/libc_nano.a(lib_a-writer.o)
 .ARM.attributes
                0x0000000000000a75       0x2d /Applications/ARM/bin/../lib/gcc/arm-none-eabi/10.3.1/../../../../arm-none-eabi/lib/thumb/v7-m/nofp/libc_nano.a(lib_a-closer.o)
 .ARM.attributes
                0x0000000000000aa2       0x2d /Applications/ARM/bin/../lib/gcc/arm-none-eabi/10.3.1/../../../../arm-none-eabi/lib/thumb/v7-m/nofp/libc_nano.a(lib_a-fstatr.o)
 .ARM.attributes
                0x0000000000000acf       0x2d /Applications/ARM/bin/../lib/gcc/arm-none-eabi/10.3.1/../../../../arm-none-eabi/lib/thumb/v7-m/nofp/libc_nano.a(lib_a-isattyr.o)
 .ARM.attributes
                0x0000000000000afc       0x2d /Applications/ARM/bin/../lib/gcc/arm-none-eabi/10.3.1/../../../../arm-none-eabi/lib/thumb/v7-m/nofp/libc_nano.a(lib_a-lseekr.o)
 .ARM.attributes
                0x0000000000000b29       0x2d /Applications/ARM/bin/../lib/gcc/arm-none-eabi/10.3.1/../../../../arm-none-eabi/lib/thumb/v7-m/nofp/libc_nano.a(lib_a-readr.o)
 .ARM.attributes
                0x0000000000000b56       0x2d /Applications/ARM/bin/../lib/gcc/arm-none-eabi/10.3.1/../../../../arm-none-eabi/lib/thumb/v7-m/nofp/libnosys.a(close.o)
 .ARM.attributes
                0x0000000000000b83       0x2d /Applications/ARM/bin/../lib/gcc/arm-none-eabi/10.3.1/../../../../arm-none-eabi/lib/thumb/v7-m/nofp/libnosys.a(fstat.o)
 .ARM.attributes
                0x0000000000000bb0       0x2d /Applications/ARM/bin/../lib/gcc/arm-none-eabi/10.3.1/../../../../arm-none-eabi/lib/thumb/v7-m/nofp/libnosys.a(getpid.o)
 .ARM.attributes
                0x0000000000000bdd       0x2d /Applications/ARM/bin/../lib/gcc/arm-none-eabi/10.3.1/../../../../arm-none-eabi/lib/thumb/v7-m/nofp/libnosys.a(isatty.o)
 .ARM.attributes
                0x0000000000000c0a       0x2d /Applications/ARM/bin/../lib/gcc/arm-none-eabi/10.3.1/../../../../arm-none-eabi/lib/thumb/v7-m/nofp/libnosys.a(kill.o)
 .ARM.attributes
                0x0000000000000c37       0x2d /Applications/ARM/bin/../lib/gcc/arm-none-eabi/10.3.1/../../../../arm-none-eabi/lib/thumb/v7-m/nofp/libnosys.a(lseek.o)
 .ARM.attributes
                0x0000000000000c64       0x2d /Applications/ARM/bin/../lib/gcc/arm-none-eabi/10.3.1/../../../../arm-none-eabi/lib/thumb/v7-m/nofp/libnosys.a(read.o)
 .ARM.attributes
                0x0000000000000c91       0x2d /Applications/ARM/bin/../lib/gcc/arm-none-eabi/10.3.1/../../../../arm-none-eabi/lib/thumb/v7-m/nofp/libnosys.a(sbrk.o)
 .ARM.attributes
                0x0000000000000cbe       0x2d /Applications/ARM/bin/../lib/gcc/arm-none-eabi/10.3.1/../../../../arm-none-eabi/lib/thumb/v7-m/nofp/libnosys.a(write.o)
 .ARM.attributes
                0x0000000000000ceb       0x2d /Applications/ARM/bin/../lib/gcc/arm-none-eabi/10.3.1/../../../../arm-none-eabi/lib/thumb/v7-m/nofp/libnosys.a(_exit.o)
 .ARM.attributes
                0x0000000000000d18       0x1d /Applications/ARM/bin/../lib/gcc/arm-none-eabi/10.3.1/thumb/v7-m/nofp/libgcc.a(_arm_addsubdf3.o)
 .ARM.attributes
                0x0000000000000d35       0x1d /Applications/ARM/bin/../lib/gcc/arm-none-eabi/10.3.1/thumb/v7-m/nofp/libgcc.a(_arm_muldivdf3.o)
 .ARM.attributes
                0x0000000000000d52       0x1d /Applications/ARM/bin/../lib/gcc/arm-none-eabi/10.3.1/thumb/v7-m/nofp/libgcc.a(_arm_cmpdf2.o)
 .ARM.attributes
                0x0000000000000d6f       0x1d /Applications/ARM/bin/../lib/gcc/arm-none-eabi/10.3.1/thumb/v7-m/nofp/libgcc.a(_arm_fixunsdfsi.o)
 .ARM.attributes
                0x0000000000000d8c       0x2d /Applications/ARM/bin/../lib/gcc/arm-none-eabi/10.3.1/thumb/v7-m/nofp/libgcc.a(_fixdfdi.o)
 .ARM.attributes
                0x0000000000000db9       0x2d /Applications/ARM/bin/../lib/gcc/arm-none-eabi/10.3.1/thumb/v7-m/nofp/libgcc.a(_fixunsdfdi.o)
 .ARM.attributes
                0x0000000000000de6       0x1d /Applications/ARM/bin/../lib/gcc/arm-none-eabi/10.3.1/thumb/v7-m/nofp/crtn.o
OUTPUT(build/AO_10v.elf elf32-littlearm)
LOAD linker stubs
LOAD /Applications/ARM/bin/../lib/gcc/arm-none-eabi/10.3.1/../../../../arm-none-eabi/lib/thumb/v7-m/nofp/libc.a
LOAD /Applications/ARM/bin/../lib/gcc/arm-none-eabi/10.3.1/../../../../arm-none-eabi/lib/thumb/v7-m/nofp/libm.a
LOAD /Applications/ARM/bin/../lib/gcc/arm-none-eabi/10.3.1/thumb/v7-m/nofp/libgcc.a

.debug_info     0x0000000000000000     0xa694
 .debug_info    0x0000000000000000      0xb01 build/main.o
 .debug_info    0x0000000000000b01      0x366 build/gpio.o
 .debug_info    0x0000000000000e67      0x999 build/spi.o
 .debug_info    0x0000000000001800      0xa97 build/usart.o
 .debug_info    0x0000000000002297      0x817 build/dac.o
 .debug_info    0x0000000000002aae      0x26e build/console.o
 .debug_info    0x0000000000002d1c      0x6bf build/stm32f1xx_it.o
 .debug_info    0x00000000000033db      0x238 build/stm32f1xx_hal_msp.o
 .debug_info    0x0000000000003613     0x1edf build/stm32f1xx_hal_spi.o
 .debug_info    0x00000000000054f2      0x855 build/stm32f1xx_hal.o
 .debug_info    0x0000000000005d47      0xaec build/stm32f1xx_hal_rcc.o
 .debug_info    0x0000000000006833      0x6d7 build/stm32f1xx_hal_gpio.o
 .debug_info    0x0000000000006f0a      0x8bb build/stm32f1xx_hal_dma.o
 .debug_info    0x00000000000077c5      0xe2d build/stm32f1xx_hal_cortex.o
 .debug_info    0x00000000000085f2     0x1e12 build/stm32f1xx_hal_uart.o
 .debug_info    0x000000000000a404      0x26e build/system_stm32f1xx.o
 .debug_info    0x000000000000a672       0x22 build/startup_stm32f103xb.o

.debug_abbrev   0x0000000000000000     0x1f15
 .debug_abbrev  0x0000000000000000      0x229 build/main.o
 .debug_abbrev  0x0000000000000229      0x13f build/gpio.o
 .debug_abbrev  0x0000000000000368      0x1c5 build/spi.o
 .debug_abbrev  0x000000000000052d      0x1ce build/usart.o
 .debug_abbrev  0x00000000000006fb      0x1bb build/dac.o
 .debug_abbrev  0x00000000000008b6      0x142 build/console.o
 .debug_abbrev  0x00000000000009f8      0x157 build/stm32f1xx_it.o
 .debug_abbrev  0x0000000000000b4f       0xe7 build/stm32f1xx_hal_msp.o
 .debug_abbrev  0x0000000000000c36      0x292 build/stm32f1xx_hal_spi.o
 .debug_abbrev  0x0000000000000ec8      0x1f7 build/stm32f1xx_hal.o
 .debug_abbrev  0x00000000000010bf      0x29a build/stm32f1xx_hal_rcc.o
 .debug_abbrev  0x0000000000001359      0x222 build/stm32f1xx_hal_gpio.o
 .debug_abbrev  0x000000000000157b      0x244 build/stm32f1xx_hal_dma.o
 .debug_abbrev  0x00000000000017bf      0x359 build/stm32f1xx_hal_cortex.o
 .debug_abbrev  0x0000000000001b18      0x2ab build/stm32f1xx_hal_uart.o
 .debug_abbrev  0x0000000000001dc3      0x140 build/system_stm32f1xx.o
 .debug_abbrev  0x0000000000001f03       0x12 build/startup_stm32f103xb.o

.debug_loc      0x0000000000000000     0x713d
 .debug_loc     0x0000000000000000       0xe8 build/main.o
 .debug_loc     0x00000000000000e8       0x38 build/gpio.o
 .debug_loc     0x0000000000000120      0x108 build/spi.o
 .debug_loc     0x0000000000000228      0x108 build/usart.o
 .debug_loc     0x0000000000000330       0xa7 build/dac.o
 .debug_loc     0x00000000000003d7      0x15d build/console.o
 .debug_loc     0x0000000000000534       0x40 build/stm32f1xx_it.o
 .debug_loc     0x0000000000000574       0x41 build/stm32f1xx_hal_msp.o
 .debug_loc     0x00000000000005b5     0x246e build/stm32f1xx_hal_spi.o
 .debug_loc     0x0000000000002a23      0x1e1 build/stm32f1xx_hal.o
 .debug_loc     0x0000000000002c04      0x7ee build/stm32f1xx_hal_rcc.o
 .debug_loc     0x00000000000033f2      0x551 build/stm32f1xx_hal_gpio.o
 .debug_loc     0x0000000000003943      0x901 build/stm32f1xx_hal_dma.o
 .debug_loc     0x0000000000004244      0x77f build/stm32f1xx_hal_cortex.o
 .debug_loc     0x00000000000049c3     0x267b build/stm32f1xx_hal_uart.o
 .debug_loc     0x000000000000703e       0xff build/system_stm32f1xx.o

.debug_aranges  0x0000000000000000      0x878
 .debug_aranges
                0x0000000000000000       0x38 build/main.o
 .debug_aranges
                0x0000000000000038       0x20 build/gpio.o
 .debug_aranges
                0x0000000000000058       0x30 build/spi.o
 .debug_aranges
                0x0000000000000088       0x30 build/usart.o
 .debug_aranges
                0x00000000000000b8       0x20 build/dac.o
 .debug_aranges
                0x00000000000000d8       0x20 build/console.o
 .debug_aranges
                0x00000000000000f8       0x68 build/stm32f1xx_it.o
 .debug_aranges
                0x0000000000000160       0x20 build/stm32f1xx_hal_msp.o
 .debug_aranges
                0x0000000000000180      0x1d0 build/stm32f1xx_hal_spi.o
 .debug_aranges
                0x0000000000000350       0xe0 build/stm32f1xx_hal.o
 .debug_aranges
                0x0000000000000430       0x90 build/stm32f1xx_hal_rcc.o
 .debug_aranges
                0x00000000000004c0       0x58 build/stm32f1xx_hal_gpio.o
 .debug_aranges
                0x0000000000000518       0x80 build/stm32f1xx_hal_dma.o
 .debug_aranges
                0x0000000000000598       0x90 build/stm32f1xx_hal_cortex.o
 .debug_aranges
                0x0000000000000628      0x200 build/stm32f1xx_hal_uart.o
 .debug_aranges
                0x0000000000000828       0x28 build/system_stm32f1xx.o
 .debug_aranges
                0x0000000000000850       0x28 build/startup_stm32f103xb.o

.debug_ranges   0x0000000000000000      0x7f0
 .debug_ranges  0x0000000000000000       0x28 build/main.o
 .debug_ranges  0x0000000000000028       0x10 build/gpio.o
 .debug_ranges  0x0000000000000038       0x20 build/spi.o
 .debug_ranges  0x0000000000000058       0x20 build/usart.o
 .debug_ranges  0x0000000000000078       0x10 build/dac.o
 .debug_ranges  0x0000000000000088       0x10 build/console.o
 .debug_ranges  0x0000000000000098       0x58 build/stm32f1xx_it.o
 .debug_ranges  0x00000000000000f0       0x10 build/stm32f1xx_hal_msp.o
 .debug_ranges  0x0000000000000100      0x1c0 build/stm32f1xx_hal_spi.o
 .debug_ranges  0x00000000000002c0       0xd0 build/stm32f1xx_hal.o
 .debug_ranges  0x0000000000000390       0xa0 build/stm32f1xx_hal_rcc.o
 .debug_ranges  0x0000000000000430       0x48 build/stm32f1xx_hal_gpio.o
 .debug_ranges  0x0000000000000478       0x70 build/stm32f1xx_hal_dma.o
 .debug_ranges  0x00000000000004e8       0xe0 build/stm32f1xx_hal_cortex.o
 .debug_ranges  0x00000000000005c8      0x1f0 build/stm32f1xx_hal_uart.o
 .debug_ranges  0x00000000000007b8       0x18 build/system_stm32f1xx.o
 .debug_ranges  0x00000000000007d0       0x20 build/startup_stm32f103xb.o

.debug_line     0x0000000000000000     0x7e47
 .debug_line    0x0000000000000000      0x385 build/main.o
 .debug_line    0x0000000000000385      0x191 build/gpio.o
 .debug_line    0x0000000000000516      0x28f build/spi.o
 .debug_line    0x00000000000007a5      0x2aa build/usart.o
 .debug_line    0x0000000000000a4f      0x1ad build/dac.o
 .debug_line    0x0000000000000bfc      0x1f5 build/console.o
 .debug_line    0x0000000000000df1      0x289 build/stm32f1xx_it.o
 .debug_line    0x000000000000107a      0x119 build/stm32f1xx_hal_msp.o
 .debug_line    0x0000000000001193     0x240c build/stm32f1xx_hal_spi.o
 .debug_line    0x000000000000359f      0x4d0 build/stm32f1xx_hal.o
 .debug_line    0x0000000000003a6f      0xbce build/stm32f1xx_hal_rcc.o
 .debug_line    0x000000000000463d      0x585 build/stm32f1xx_hal_gpio.o
 .debug_line    0x0000000000004bc2      0x9f5 build/stm32f1xx_hal_dma.o
 .debug_line    0x00000000000055b7      0x5db build/stm32f1xx_hal_cortex.o
 .debug_line    0x0000000000005b92     0x205d build/stm32f1xx_hal_uart.o
 .debug_line    0x0000000000007bef      0x1e3 build/system_stm32f1xx.o
 .debug_line    0x0000000000007dd2       0x75 build/startup_stm32f103xb.o

.debug_str      0x0000000000000000     0x2597
 .debug_str     0x0000000000000000      0x724 build/main.o
                                        0x7c8 (size before relaxing)
 .debug_str     0x0000000000000724       0x86 build/gpio.o
                                        0x24d (size before relaxing)
 .debug_str     0x00000000000007aa      0x1cb build/spi.o
                                        0x689 (size before relaxing)
 .debug_str     0x0000000000000975      0x35a build/usart.o
                                        0x979 (size before relaxing)
 .debug_str     0x0000000000000ccf       0x53 build/dac.o
                                        0x5d7 (size before relaxing)
 .debug_str     0x0000000000000d22       0x49 build/console.o
                                        0x1e6 (size before relaxing)
 .debug_str     0x0000000000000d6b       0xd5 build/stm32f1xx_it.o
                                        0x605 (size before relaxing)
 .debug_str     0x0000000000000e40       0x52 build/stm32f1xx_hal_msp.o
                                        0x1ef (size before relaxing)
 .debug_str     0x0000000000000e92      0x582 build/stm32f1xx_hal_spi.o
                                        0xb3c (size before relaxing)
 .debug_str     0x0000000000001414      0x2d9 build/stm32f1xx_hal.o
                                        0x7f9 (size before relaxing)
 .debug_str     0x00000000000016ed      0x202 build/stm32f1xx_hal_rcc.o
                                        0x600 (size before relaxing)
 .debug_str     0x00000000000018ef      0x117 build/stm32f1xx_hal_gpio.o
                                        0x3d5 (size before relaxing)
 .debug_str     0x0000000000001a06      0x207 build/stm32f1xx_hal_dma.o
                                        0x5d2 (size before relaxing)
 .debug_str     0x0000000000001c0d      0x39b build/stm32f1xx_hal_cortex.o
                                        0x8a8 (size before relaxing)
 .debug_str     0x0000000000001fa8      0x581 build/stm32f1xx_hal_uart.o
                                        0xc63 (size before relaxing)
 .debug_str     0x0000000000002529       0x4a build/system_stm32f1xx.o
                                        0x224 (size before relaxing)
 .debug_str     0x0000000000002573       0x24 build/startup_stm32f103xb.o
                                         0x48 (size before relaxing)

.comment        0x0000000000000000       0x49
 .comment       0x0000000000000000       0x49 build/main.o
                                         0x4a (size before relaxing)
 .comment       0x0000000000000049       0x4a build/gpio.o
 .comment       0x0000000000000049       0x4a build/spi.o
 .comment       0x0000000000000049       0x4a build/usart.o
 .comment       0x0000000000000049       0x4a build/dac.o
 .comment       0x0000000000000049       0x4a build/console.o
 .comment       0x0000000000000049       0x4a build/stm32f1xx_it.o
 .comment       0x0000000000000049       0x4a build/stm32f1xx_hal_msp.o
 .comment       0x0000000000000049       0x4a build/stm32f1xx_hal_spi.o
 .comment       0x0000000000000049       0x4a build/stm32f1xx_hal.o
 .comment       0x0000000000000049       0x4a build/stm32f1xx_hal_rcc.o
 .comment       0x0000000000000049       0x4a build/stm32f1xx_hal_gpio.o
 .comment       0x0000000000000049       0x4a build/stm32f1xx_hal_dma.o
 .comment       0x0000000000000049       0x4a build/stm32f1xx_hal_cortex.o
 .comment       0x0000000000000049       0x4a build/stm32f1xx_hal_uart.o
 .comment       0x0000000000000049       0x4a build/system_stm32f1xx.o

.debug_frame    0x0000000000000000     0x282c
 .debug_frame   0x0000000000000000       0x78 build/main.o
 .debug_frame   0x0000000000000078       0x38 build/gpio.o
 .debug_frame   0x00000000000000b0       0x60 build/spi.o
 .debug_frame   0x0000000000000110       0x64 build/usart.o
 .debug_frame   0x0000000000000174       0x30 build/dac.o
 .debug_frame   0x00000000000001a4       0x38 build/console.o
 .debug_frame   0x00000000000001dc       0xc0 build/stm32f1xx_it.o
 .debug_frame   0x000000000000029c       0x28 build/stm32f1xx_hal_msp.o
 .debug_frame   0x00000000000002c4      0x5a4 build/stm32f1xx_hal_spi.o
 .debug_frame   0x0000000000000868      0x1cc build/stm32f1xx_hal.o
 .debug_frame   0x0000000000000a34      0x190 build/stm32f1xx_hal_rcc.o
 .debug_frame   0x0000000000000bc4       0xe4 build/stm32f1xx_hal_gpio.o
 .debug_frame   0x0000000000000ca8      0x144 build/stm32f1xx_hal_dma.o
 .debug_frame   0x0000000000000dec      0x118 build/stm32f1xx_hal_cortex.o
 .debug_frame   0x0000000000000f04      0x5c4 build/stm32f1xx_hal_uart.o
 .debug_frame   0x00000000000014c8       0x30 build/system_stm32f1xx.o
 .debug_frame   0x00000000000014f8       0x20 /Applications/ARM/bin/../lib/gcc/arm-none-eabi/10.3.1/../../../../arm-none-eabi/lib/thumb/v7-m/nofp/libc_nano.a(lib_a-atof.o)
 .debug_frame   0x0000000000001518       0x2c /Applications/ARM/bin/../lib/gcc/arm-none-eabi/10.3.1/../../../../arm-none-eabi/lib/thumb/v7-m/nofp/libc_nano.a(lib_a-init.o)
 .debug_frame   0x0000000000001544       0x20 /Applications/ARM/bin/../lib/gcc/arm-none-eabi/10.3.1/../../../../arm-none-eabi/lib/thumb/v7-m/nofp/libc_nano.a(lib_a-memset.o)
 .debug_frame   0x0000000000001564       0x20 /Applications/ARM/bin/../lib/gcc/arm-none-eabi/10.3.1/../../../../arm-none-eabi/lib/thumb/v7-m/nofp/libc_nano.a(lib_a-strcmp.o)
 .debug_frame   0x0000000000001584       0xe8 /Applications/ARM/bin/../lib/gcc/arm-none-eabi/10.3.1/../../../../arm-none-eabi/lib/thumb/v7-m/nofp/libc_nano.a(lib_a-strtod.o)
 .debug_frame   0x000000000000166c       0x74 /Applications/ARM/bin/../lib/gcc/arm-none-eabi/10.3.1/../../../../arm-none-eabi/lib/thumb/v7-m/nofp/libc_nano.a(lib_a-gdtoa-gethex.o)
 .debug_frame   0x00000000000016e0       0x74 /Applications/ARM/bin/../lib/gcc/arm-none-eabi/10.3.1/../../../../arm-none-eabi/lib/thumb/v7-m/nofp/libc_nano.a(lib_a-gdtoa-hexnan.o)
 .debug_frame   0x0000000000001754       0x20 /Applications/ARM/bin/../lib/gcc/arm-none-eabi/10.3.1/../../../../arm-none-eabi/lib/thumb/v7-m/nofp/libc_nano.a(lib_a-lnumeric.o)
 .debug_frame   0x0000000000001774       0x48 /Applications/ARM/bin/../lib/gcc/arm-none-eabi/10.3.1/../../../../arm-none-eabi/lib/thumb/v7-m/nofp/libc_nano.a(lib_a-locale.o)
 .debug_frame   0x00000000000017bc       0x48 /Applications/ARM/bin/../lib/gcc/arm-none-eabi/10.3.1/../../../../arm-none-eabi/lib/thumb/v7-m/nofp/libc_nano.a(lib_a-mbtowc_r.o)
 .debug_frame   0x0000000000001804       0x28 /Applications/ARM/bin/../lib/gcc/arm-none-eabi/10.3.1/../../../../arm-none-eabi/lib/thumb/v7-m/nofp/libc_nano.a(lib_a-memcpy-stub.o)
 .debug_frame   0x000000000000182c      0x254 /Applications/ARM/bin/../lib/gcc/arm-none-eabi/10.3.1/../../../../arm-none-eabi/lib/thumb/v7-m/nofp/libc_nano.a(lib_a-mprec.o)
 .debug_frame   0x0000000000001a80       0x2c /Applications/ARM/bin/../lib/gcc/arm-none-eabi/10.3.1/../../../../arm-none-eabi/lib/thumb/v7-m/nofp/libc_nano.a(lib_a-nano-callocr.o)
 .debug_frame   0x0000000000001aac       0x4c /Applications/ARM/bin/../lib/gcc/arm-none-eabi/10.3.1/../../../../arm-none-eabi/lib/thumb/v7-m/nofp/libc_nano.a(lib_a-nano-mallocr.o)
 .debug_frame   0x0000000000001af8       0x20 /Applications/ARM/bin/../lib/gcc/arm-none-eabi/10.3.1/../../../../arm-none-eabi/lib/thumb/v7-m/nofp/libc_nano.a(lib_a-s_nan.o)
 .debug_frame   0x0000000000001b18       0x2c /Applications/ARM/bin/../lib/gcc/arm-none-eabi/10.3.1/../../../../arm-none-eabi/lib/thumb/v7-m/nofp/libc_nano.a(lib_a-sbrkr.o)
 .debug_frame   0x0000000000001b44       0x28 /Applications/ARM/bin/../lib/gcc/arm-none-eabi/10.3.1/../../../../arm-none-eabi/lib/thumb/v7-m/nofp/libc_nano.a(lib_a-strncmp.o)
 .debug_frame   0x0000000000001b6c       0x3c /Applications/ARM/bin/../lib/gcc/arm-none-eabi/10.3.1/../../../../arm-none-eabi/lib/thumb/v7-m/nofp/libc_nano.a(lib_a-wctomb_r.o)
 .debug_frame   0x0000000000001ba8       0x40 /Applications/ARM/bin/../lib/gcc/arm-none-eabi/10.3.1/../../../../arm-none-eabi/lib/thumb/v7-m/nofp/libc_nano.a(lib_a-assert.o)
 .debug_frame   0x0000000000001be8       0x64 /Applications/ARM/bin/../lib/gcc/arm-none-eabi/10.3.1/../../../../arm-none-eabi/lib/thumb/v7-m/nofp/libc_nano.a(lib_a-fprintf.o)
 .debug_frame   0x0000000000001c4c       0x30 /Applications/ARM/bin/../lib/gcc/arm-none-eabi/10.3.1/../../../../arm-none-eabi/lib/thumb/v7-m/nofp/libc_nano.a(lib_a-malloc.o)
 .debug_frame   0x0000000000001c7c       0x30 /Applications/ARM/bin/../lib/gcc/arm-none-eabi/10.3.1/../../../../arm-none-eabi/lib/thumb/v7-m/nofp/libc_nano.a(lib_a-mlock.o)
 .debug_frame   0x0000000000001cac       0x38 /Applications/ARM/bin/../lib/gcc/arm-none-eabi/10.3.1/../../../../arm-none-eabi/lib/thumb/v7-m/nofp/libc_nano.a(lib_a-nano-freer.o)
 .debug_frame   0x0000000000001ce4       0xac /Applications/ARM/bin/../lib/gcc/arm-none-eabi/10.3.1/../../../../arm-none-eabi/lib/thumb/v7-m/nofp/libc_nano.a(lib_a-nano-vfprintf.o)
 .debug_frame   0x0000000000001d90       0x60 /Applications/ARM/bin/../lib/gcc/arm-none-eabi/10.3.1/../../../../arm-none-eabi/lib/thumb/v7-m/nofp/libc_nano.a(lib_a-nano-vfprintf_i.o)
 .debug_frame   0x0000000000001df0       0x5c /Applications/ARM/bin/../lib/gcc/arm-none-eabi/10.3.1/../../../../arm-none-eabi/lib/thumb/v7-m/nofp/libc_nano.a(lib_a-reent.o)
 .debug_frame   0x0000000000001e4c       0x40 /Applications/ARM/bin/../lib/gcc/arm-none-eabi/10.3.1/../../../../arm-none-eabi/lib/thumb/v7-m/nofp/libc_nano.a(lib_a-wbuf.o)
 .debug_frame   0x0000000000001e8c       0x2c /Applications/ARM/bin/../lib/gcc/arm-none-eabi/10.3.1/../../../../arm-none-eabi/lib/thumb/v7-m/nofp/libc_nano.a(lib_a-wsetup.o)
 .debug_frame   0x0000000000001eb8       0x28 /Applications/ARM/bin/../lib/gcc/arm-none-eabi/10.3.1/../../../../arm-none-eabi/lib/thumb/v7-m/nofp/libc_nano.a(lib_a-abort.o)
 .debug_frame   0x0000000000001ee0       0x5c /Applications/ARM/bin/../lib/gcc/arm-none-eabi/10.3.1/../../../../arm-none-eabi/lib/thumb/v7-m/nofp/libc_nano.a(lib_a-fflush.o)
 .debug_frame   0x0000000000001f3c      0x14c /Applications/ARM/bin/../lib/gcc/arm-none-eabi/10.3.1/../../../../arm-none-eabi/lib/thumb/v7-m/nofp/libc_nano.a(lib_a-findfp.o)
 .debug_frame   0x0000000000002088       0x54 /Applications/ARM/bin/../lib/gcc/arm-none-eabi/10.3.1/../../../../arm-none-eabi/lib/thumb/v7-m/nofp/libc_nano.a(lib_a-fwalk.o)
 .debug_frame   0x00000000000020dc       0xb0 /Applications/ARM/bin/../lib/gcc/arm-none-eabi/10.3.1/../../../../arm-none-eabi/lib/thumb/v7-m/nofp/libc_nano.a(lib_a-lock.o)
 .debug_frame   0x000000000000218c       0x58 /Applications/ARM/bin/../lib/gcc/arm-none-eabi/10.3.1/../../../../arm-none-eabi/lib/thumb/v7-m/nofp/libc_nano.a(lib_a-makebuf.o)
 .debug_frame   0x00000000000021e4       0x28 /Applications/ARM/bin/../lib/gcc/arm-none-eabi/10.3.1/../../../../arm-none-eabi/lib/thumb/v7-m/nofp/libc_nano.a(lib_a-memchr-stub.o)
 .debug_frame   0x000000000000220c       0xcc /Applications/ARM/bin/../lib/gcc/arm-none-eabi/10.3.1/../../../../arm-none-eabi/lib/thumb/v7-m/nofp/libc_nano.a(lib_a-signal.o)
 .debug_frame   0x00000000000022d8       0x3c /Applications/ARM/bin/../lib/gcc/arm-none-eabi/10.3.1/../../../../arm-none-eabi/lib/thumb/v7-m/nofp/libc_nano.a(lib_a-signalr.o)
 .debug_frame   0x0000000000002314       0x88 /Applications/ARM/bin/../lib/gcc/arm-none-eabi/10.3.1/../../../../arm-none-eabi/lib/thumb/v7-m/nofp/libc_nano.a(lib_a-stdio.o)
 .debug_frame   0x000000000000239c       0x2c /Applications/ARM/bin/../lib/gcc/arm-none-eabi/10.3.1/../../../../arm-none-eabi/lib/thumb/v7-m/nofp/libc_nano.a(lib_a-writer.o)
 .debug_frame   0x00000000000023c8       0x2c /Applications/ARM/bin/../lib/gcc/arm-none-eabi/10.3.1/../../../../arm-none-eabi/lib/thumb/v7-m/nofp/libc_nano.a(lib_a-closer.o)
 .debug_frame   0x00000000000023f4       0x2c /Applications/ARM/bin/../lib/gcc/arm-none-eabi/10.3.1/../../../../arm-none-eabi/lib/thumb/v7-m/nofp/libc_nano.a(lib_a-fstatr.o)
 .debug_frame   0x0000000000002420       0x2c /Applications/ARM/bin/../lib/gcc/arm-none-eabi/10.3.1/../../../../arm-none-eabi/lib/thumb/v7-m/nofp/libc_nano.a(lib_a-isattyr.o)
 .debug_frame   0x000000000000244c       0x2c /Applications/ARM/bin/../lib/gcc/arm-none-eabi/10.3.1/../../../../arm-none-eabi/lib/thumb/v7-m/nofp/libc_nano.a(lib_a-lseekr.o)
 .debug_frame   0x0000000000002478       0x2c /Applications/ARM/bin/../lib/gcc/arm-none-eabi/10.3.1/../../../../arm-none-eabi/lib/thumb/v7-m/nofp/libc_nano.a(lib_a-readr.o)
 .debug_frame   0x00000000000024a4       0x20 /Applications/ARM/bin/../lib/gcc/arm-none-eabi/10.3.1/../../../../arm-none-eabi/lib/thumb/v7-m/nofp/libnosys.a(close.o)
 .debug_frame   0x00000000000024c4       0x20 /Applications/ARM/bin/../lib/gcc/arm-none-eabi/10.3.1/../../../../arm-none-eabi/lib/thumb/v7-m/nofp/libnosys.a(fstat.o)
 .debug_frame   0x00000000000024e4       0x20 /Applications/ARM/bin/../lib/gcc/arm-none-eabi/10.3.1/../../../../arm-none-eabi/lib/thumb/v7-m/nofp/libnosys.a(getpid.o)
 .debug_frame   0x0000000000002504       0x20 /Applications/ARM/bin/../lib/gcc/arm-none-eabi/10.3.1/../../../../arm-none-eabi/lib/thumb/v7-m/nofp/libnosys.a(isatty.o)
 .debug_frame   0x0000000000002524       0x20 /Applications/ARM/bin/../lib/gcc/arm-none-eabi/10.3.1/../../../../arm-none-eabi/lib/thumb/v7-m/nofp/libnosys.a(kill.o)
 .debug_frame   0x0000000000002544       0x20 /Applications/ARM/bin/../lib/gcc/arm-none-eabi/10.3.1/../../../../arm-none-eabi/lib/thumb/v7-m/nofp/libnosys.a(lseek.o)
 .debug_frame   0x0000000000002564       0x20 /Applications/ARM/bin/../lib/gcc/arm-none-eabi/10.3.1/../../../../arm-none-eabi/lib/thumb/v7-m/nofp/libnosys.a(read.o)
 .debug_frame   0x0000000000002584       0x20 /Applications/ARM/bin/../lib/gcc/arm-none-eabi/10.3.1/../../../../arm-none-eabi/lib/thumb/v7-m/nofp/libnosys.a(sbrk.o)
 .debug_frame   0x00000000000025a4       0x20 /Applications/ARM/bin/../lib/gcc/arm-none-eabi/10.3.1/../../../../arm-none-eabi/lib/thumb/v7-m/nofp/libnosys.a(write.o)
 .debug_frame   0x00000000000025c4       0x20 /Applications/ARM/bin/../lib/gcc/arm-none-eabi/10.3.1/../../../../arm-none-eabi/lib/thumb/v7-m/nofp/libnosys.a(_exit.o)
 .debug_frame   0x00000000000025e4       0xac /Applications/ARM/bin/../lib/gcc/arm-none-eabi/10.3.1/thumb/v7-m/nofp/libgcc.a(_arm_addsubdf3.o)
 .debug_frame   0x0000000000002690       0x50 /Applications/ARM/bin/../lib/gcc/arm-none-eabi/10.3.1/thumb/v7-m/nofp/libgcc.a(_arm_muldivdf3.o)
 .debug_frame   0x00000000000026e0       0xc4 /Applications/ARM/bin/../lib/gcc/arm-none-eabi/10.3.1/thumb/v7-m/nofp/libgcc.a(_arm_cmpdf2.o)
 .debug_frame   0x00000000000027a4       0x24 /Applications/ARM/bin/../lib/gcc/arm-none-eabi/10.3.1/thumb/v7-m/nofp/libgcc.a(_arm_fixunsdfsi.o)
 .debug_frame   0x00000000000027c8       0x38 /Applications/ARM/bin/../lib/gcc/arm-none-eabi/10.3.1/thumb/v7-m/nofp/libgcc.a(_fixdfdi.o)
 .debug_frame   0x0000000000002800       0x2c /Applications/ARM/bin/../lib/gcc/arm-none-eabi/10.3.1/thumb/v7-m/nofp/libgcc.a(_fixunsdfdi.o)

.stab           0x0000000000000000       0xcc
 .stab          0x0000000000000000       0x24 /Applications/ARM/bin/../lib/gcc/arm-none-eabi/10.3.1/../../../../arm-none-eabi/lib/thumb/v7-m/nofp/libnosys.a(close.o)
 .stab          0x0000000000000024       0x18 /Applications/ARM/bin/../lib/gcc/arm-none-eabi/10.3.1/../../../../arm-none-eabi/lib/thumb/v7-m/nofp/libnosys.a(fstat.o)
                                         0x24 (size before relaxing)
 .stab          0x000000000000003c       0x18 /Applications/ARM/bin/../lib/gcc/arm-none-eabi/10.3.1/../../../../arm-none-eabi/lib/thumb/v7-m/nofp/libnosys.a(getpid.o)